 sdf_demo

 Timestamp is 5f3b4666 (Mon Aug 17 23:09:26 2020)

 Preferred load address is 0000000140000000

 Start         Length     Name                   Class
 0001:00000000 000370f0H .text$mn                CODE
 0001:000370f0 00000020H .text$mn$00             CODE
 0001:00037110 0000061dH .text$x                 CODE
 0002:00000000 000002e0H .idata$5                DATA
 0002:000002e0 00000010H .00cfg                  DATA
 0002:000002f0 00000008H .CRT$XCA                DATA
 0002:000002f8 00000008H .CRT$XCAA               DATA
 0002:00000300 00000008H .CRT$XCZ                DATA
 0002:00000308 00000008H .CRT$XIA                DATA
 0002:00000310 00000008H .CRT$XIAA               DATA
 0002:00000318 00000008H .CRT$XIAC               DATA
 0002:00000320 00000018H .CRT$XIC                DATA
 0002:00000338 00000008H .CRT$XIZ                DATA
 0002:00000340 00000008H .CRT$XPA                DATA
 0002:00000348 00000010H .CRT$XPX                DATA
 0002:00000358 00000008H .CRT$XPXA               DATA
 0002:00000360 00000008H .CRT$XPZ                DATA
 0002:00000368 00000008H .CRT$XTA                DATA
 0002:00000370 00000010H .CRT$XTZ                DATA
 0002:00000378 00000000H .gfids$y                DATA
 0002:00000380 00010300H .rdata                  DATA
 0002:00010680 0000016cH .rdata$r                DATA
 0002:000107ec 00000314H .rdata$zzzdbg           DATA
 0002:00010b00 00000008H .rtc$IAA                DATA
 0002:00010b08 00000008H .rtc$IZZ                DATA
 0002:00010b10 00000008H .rtc$TAA                DATA
 0002:00010b18 00000008H .rtc$TZZ                DATA
 0002:00010b20 00001058H .xdata                  DATA
 0002:00011b78 00000084H .xdata$x                DATA
 0002:00011bfc 00000000H .edata                  DATA
 0002:00011bfc 00000028H .idata$2                DATA
 0002:00011c24 00000014H .idata$3                DATA
 0002:00011c38 000002e0H .idata$4                DATA
 0002:00011f18 00000684H .idata$6                DATA
 0003:00000000 00000a40H .data                   DATA
 0003:00000a40 00000070H .data$r                 DATA
 0003:00000ab0 000018e0H .bss                    DATA
 0004:00000000 00002d3cH .pdata                  DATA

  Address         Publics by Value              Rva+Base               Lib:Object

 0000:00000000       __volatile_metadata        0000000000000000     <absolute>
 0000:00000000       __guard_longjmp_table      0000000000000000     <absolute>
 0000:00000000       __guard_iat_table          0000000000000000     <absolute>
 0000:00000000       __guard_iat_count          0000000000000000     <absolute>
 0000:00000000       __guard_longjmp_count      0000000000000000     <absolute>
 0000:00000000       __hybrid_code_map          0000000000000000     <absolute>
 0000:00000000       __guard_fids_count         0000000000000000     <absolute>
 0000:00000000       ___safe_se_handler_count   0000000000000000     <absolute>
 0000:00000000       __enclave_config           0000000000000000     <absolute>
 0000:00000000       __hybrid_code_map_count    0000000000000000     <absolute>
 0000:00000000       ___safe_se_handler_table   0000000000000000     <absolute>
 0000:00000000       __guard_fids_table         0000000000000000     <absolute>
 0000:00000000       __hybrid_auxiliary_iat     0000000000000000     <absolute>
 0000:00000000       __dynamic_value_reloc_table 0000000000000000     <absolute>
 0000:00000100       __guard_flags              0000000000000100     <absolute>
 0000:00000000       __ImageBase                0000000140000000     <linker-defined>
 0001:00000000       WinMain                    0000000140001000 f   win32_main.obj
 0001:00000730       ?Max@@YAMMM@Z              0000000140001730 f i win32_main.obj
 0001:00000770       ?Min@@YAMMM@Z              0000000140001770 f i win32_main.obj
 0001:000007b0       ?Win32GetClock@@YA?AT_LARGE_INTEGER@@XZ 00000001400017b0 f i win32_main.obj
 0001:000007d0       ?Win32GetLastFileTime@@YA?AU_FILETIME@@PEAD@Z 00000001400017d0 f i win32_main.obj
 0001:00000840       ?Win32LoadDemoCode@@YAXPEAUprog_demo_code@@@Z 0000000140001840 f i win32_main.obj
 0001:000009f0       __GSHandlerCheck           00000001400019f0 f   LIBCMTD:gshandler.obj
 0001:00000a30       __GSHandlerCheckCommon     0000000140001a30 f   LIBCMTD:gshandler.obj
 0001:00000b40       __security_check_cookie    0000000140001b40 f   LIBCMTD:amdsecgs.obj
 0001:00000e20       ?configure_argv@__scrt_narrow_argv_policy@@SAHXZ 0000000140001e20 f i LIBCMTD:exe_winmain.obj
 0001:00000e40       ?initialize_environment@__scrt_narrow_environment_policy@@SAHXZ 0000000140001e40 f i LIBCMTD:exe_winmain.obj
 0001:00000e90       ?set_app_type@__scrt_winmain_policy@@SAXXZ 0000000140001e90 f i LIBCMTD:exe_winmain.obj
 0001:00000eb0       ?set_commode@__scrt_file_policy@@SAXXZ 0000000140001eb0 f i LIBCMTD:exe_winmain.obj
 0001:00000ed0       ?set_fmode@__scrt_file_policy@@SAXXZ 0000000140001ed0 f i LIBCMTD:exe_winmain.obj
 0001:00000ef0       WinMainCRTStartup          0000000140001ef0 f   LIBCMTD:exe_winmain.obj
 0001:00000f00       __raise_securityfailure    0000000140001f00 f   LIBCMTD:gs_report.obj
 0001:00000f40       __report_gsfailure         0000000140001f40 f   LIBCMTD:gs_report.obj
 0001:00001020       __report_rangecheckfailure 0000000140002020 f   LIBCMTD:gs_report.obj
 0001:00001040       __report_securityfailure   0000000140002040 f   LIBCMTD:gs_report.obj
 0001:00001240       ??$__crt_fast_decode_pointer@P6AXPEAXK0@Z@@YAP6AXPEAXK0@ZQ6AX0K0@Z@Z 0000000140002240 f i libucrtd:exit.obj
 0001:00001240       ??$__crt_fast_decode_pointer@P6AH_K@Z@@YAP6AH_K@ZQ6AH0@Z@Z 0000000140002240 f i libucrtd:new_handler.obj
 0001:00001240       ??$__crt_fast_decode_pointer@P6AXPEB_W00I_K@Z@@YAP6AXPEB_W00I_K@ZQ6AX000I1@Z@Z 0000000140002240 f i libucrtd:invalid_parameter.obj
 0001:00001240       ??$__crt_fast_decode_pointer@PEAX@@YAPEAXQEAX@Z 0000000140002240 f i libvcruntimed:winapi_downlevel.obj
 0001:00001240       ??$__crt_fast_decode_pointer@P6AXH@Z@@YAP6AXH@ZQ6AXH@Z@Z 0000000140002240 f i libucrtd:signal.obj
 0001:00001240       ??$__crt_fast_decode_pointer@PEAP6AXXZ@@YAPEAP6AXXZQEAP6AXXZ@Z 0000000140002240 f i LIBCMTD:utility.obj
 0001:00001240       ??$__crt_fast_decode_pointer@P6AXXZ@@YAP6AXXZQ6AXXZ@Z 0000000140002240 f i libvcruntimed:purevirt.obj
 0001:00001240       ??$__crt_fast_decode_pointer@P6AHPEAU_exception@@@Z@@YAP6AHPEAU_exception@@@ZQ6AH0@Z@Z 0000000140002240 f i libucrtd:matherr.obj
 0001:00001280       ??$__crt_fast_encode_pointer@P6AXH@Z@@YAP6AXH@ZQ6AXH@Z@Z 0000000140002280 f i libucrtd:signal.obj
 0001:00001280       ??$__crt_fast_encode_pointer@P6AXPEAXK0@Z@@YAP6AXPEAXK0@ZQ6AX0K0@Z@Z 0000000140002280 f i libucrtd:exit.obj
 0001:00001280       ??$__crt_fast_encode_pointer@P6AHPEAU_exception@@@Z@@YAP6AHPEAU_exception@@@ZQ6AH0@Z@Z 0000000140002280 f i libucrtd:matherr.obj
 0001:00001280       ??$__crt_fast_encode_pointer@PEAX@@YAPEAXQEAX@Z 0000000140002280 f i libvcruntimed:winapi_downlevel.obj
 0001:00001280       ??$__crt_fast_encode_pointer@PEAP6AXXZ@@YAPEAP6AXXZQEAP6AXXZ@Z 0000000140002280 f i LIBCMTD:utility.obj
 0001:00001280       ??$__crt_fast_encode_pointer@P6AHXZ@@YAP6AHXZQ6AHXZ@Z 0000000140002280 f i libucrtd:onexit.obj
 0001:00001280       ??$__crt_fast_encode_pointer@P6AXXZ@@YAP6AXXZQ6AXXZ@Z 0000000140002280 f i libvcruntimed:purevirt_data.obj
 0001:000012c0       ?__crt_rotate_pointer_value@@YA_K_KH@Z 00000001400022c0 f i LIBCMTD:utility.obj
 0001:00001440       NtCurrentTeb               0000000140002440 f i LIBCMTD:utility.obj
 0001:00001450       __scrt_acquire_startup_lock 0000000140002450 f   LIBCMTD:utility.obj
 0001:000014c0       __scrt_initialize_crt      00000001400024c0 f   LIBCMTD:utility.obj
 0001:00001510       __scrt_initialize_onexit_tables 0000000140002510 f   LIBCMTD:utility.obj
 0001:00001620       __scrt_is_nonwritable_in_current_image 0000000140002620 f   LIBCMTD:utility.obj
 0001:000016b0       __scrt_release_startup_lock 00000001400026b0 f   LIBCMTD:utility.obj
 0001:000016e0       __scrt_uninitialize_crt    00000001400026e0 f   LIBCMTD:utility.obj
 0001:00001720       _onexit                    0000000140002720 f   LIBCMTD:utility.obj
 0001:000017b0       atexit                     00000001400027b0 f   LIBCMTD:utility.obj
 0001:000018b0       __security_init_cookie     00000001400028b0 f   LIBCMTD:gs_support.obj
 0001:00001930       ?get_current_state_index@__crt_state_management@@YA_KAEBV__crt_scoped_get_last_error_reset@@@Z 0000000140002930 f   libucrtd:per_thread_data.obj
 0001:00001930       _matherr                   0000000140002930 f   LIBCMTD:matherr.obj
 0001:00001940       _get_startup_argv_mode     0000000140002940 f   LIBCMTD:argv_mode.obj
 0001:00001950       _get_startup_commit_mode   0000000140002950 f   LIBCMTD:commit_mode.obj
 0001:00001950       ?get_current_state_index@__crt_state_management@@YA_KXZ 0000000140002950 f   libucrtd:matherr.obj
 0001:00001950       _get_startup_thread_locale_mode 0000000140002950 f   LIBCMTD:thread_locale.obj
 0001:00001950       ?get_invalid_value@__crt_hmodule_traits@@SAPEAUHINSTANCE__@@XZ 0000000140002950 f   libucrtd:exit.obj
 0001:00001950       _get_startup_new_mode      0000000140002950 f   LIBCMTD:new_mode.obj
 0001:00001950       __scrt_stub_for_initialize_mta 0000000140002950 f   LIBCMTD:utility_desktop.obj
 0001:00001950       __scrt_initialize_winrt    0000000140002950 f   LIBCMTD:utility_desktop.obj
 0001:00001950       __scrt_exe_initialize_mta  0000000140002950 f   LIBCMTD:utility_desktop.obj
 0001:00001960       _get_startup_file_mode     0000000140002960 f   LIBCMTD:file_mode.obj
 0001:00001970       ?__scrt_initialize_type_info@@YAXXZ 0000000140002970 f   LIBCMTD:tncleanup.obj
 0001:00001990       _should_initialize_environment 0000000140002990 f   LIBCMTD:env_mode.obj
 0001:000019a0       _initialize_denormal_control 00000001400029a0 f   LIBCMTD:denormal_control.obj
 0001:000019a0       _initialize_invalid_parameter_handler 00000001400029a0 f   LIBCMTD:invalid_parameter_handler.obj
 0001:000019b0       __local_stdio_printf_options 00000001400029b0 f i LIBCMTD:default_local_stdio_options.obj
 0001:000019c0       __local_stdio_scanf_options 00000001400029c0 f i LIBCMTD:default_local_stdio_options.obj
 0001:000019d0       __scrt_initialize_default_local_stdio_options 00000001400029d0 f   LIBCMTD:default_local_stdio_options.obj
 0001:00001a20       __scrt_is_user_matherr_present 0000000140002a20 f   LIBCMTD:matherr_detection.obj
 0001:00001a50       __scrt_get_dyn_tls_init_callback 0000000140002a50 f   LIBCMTD:dyn_tls_init.obj
 0001:00001a60       __scrt_get_dyn_tls_dtor_callback 0000000140002a60 f   LIBCMTD:dyn_tls_dtor.obj
 0001:00001a70       __crt_debugger_hook        0000000140002a70 f   LIBCMTD:utility_desktop.obj
 0001:00001a80       __scrt_fastfail            0000000140002a80 f   LIBCMTD:utility_desktop.obj
 0001:00001c20       __scrt_get_show_window_mode 0000000140002c20 f   LIBCMTD:utility_desktop.obj
 0001:00001c80       __scrt_initialize_mta      0000000140002c80 f   LIBCMTD:utility_desktop.obj
 0001:00001c90       __scrt_is_managed_app      0000000140002c90 f   LIBCMTD:utility_desktop.obj
 0001:00001d40       __scrt_set_unhandled_exception_filter 0000000140002d40 f   LIBCMTD:utility_desktop.obj
 0001:00001d60       __scrt_unhandled_exception_filter 0000000140002d60 f   LIBCMTD:utility_desktop.obj
 0001:00001de0       _RTC_Initialize            0000000140002de0 f   LIBCMTD:initsect.obj
 0001:00001e30       _RTC_Terminate             0000000140002e30 f   LIBCMTD:initsect.obj
 0001:00001e80       ??1scoped_global_state_reset@__crt_state_management@@QEAA@XZ 0000000140002e80 f i libucrtd:onexit.obj
 0001:00001e80       ??1?$__crt_simd_cleanup_guard@$0A@@@QEAA@XZ 0000000140002e80 f i libucrtd:strnlen.obj
 0001:00001e80       _guard_check_icall_nop     0000000140002e80 f i LIBCMTD:guard_support.obj
 0001:00001e90       ?__crt_interlocked_read_64@@YA_JPED_J@Z 0000000140002e90 f i libvcruntimed:std_type_info.obj
 0001:00001e90       ReadNoFence64              0000000140002e90 f i LIBCMTD:guard_support.obj
 0001:00001eb0       ??$__crt_interlocked_read_pointer@UHINSTANCE__@@@@YAPEAUHINSTANCE__@@PEDSEAU0@@Z 0000000140002eb0 f i libvcruntimed:winapi_downlevel.obj
 0001:00001eb0       ReadPointerNoFence         0000000140002eb0 f i LIBCMTD:guard_support.obj
 0001:00001eb0       ??$__crt_interlocked_read_pointer@X@@YAPEAXPEDSEAX@Z 0000000140002eb0 f i libvcruntimed:winapi_downlevel.obj
 0001:00001ed0       _guard_icall_checks_enforced 0000000140002ed0 f i LIBCMTD:guard_support.obj
 0001:00001f10       __isa_available_init       0000000140002f10 f   LIBCMTD:cpu_disp.obj
 0001:00002280       __scrt_is_ucrt_dll_in_use  0000000140003280 f   LIBCMTD:ucrt_detection.obj
 0001:000022b0       IsProcessorFeaturePresent  00000001400032b0 f   kernel32:KERNEL32.dll
 0001:000022c0       __C_specific_handler       00000001400032c0 f   libvcruntimed:riscchandler.obj
 0001:00002700       __vcrt_initialize          0000000140003700 f   libvcruntimed:initialization.obj
 0001:00002740       __vcrt_uninitialize        0000000140003740 f   libvcruntimed:initialization.obj
 0001:00002770       ??$?RD@__crt_internal_free_policy@@QEBAXQEBD@Z 0000000140003770 f i libvcruntimed:std_type_info.obj
 0001:00002770       ??$?RPEAU__crt_stdio_stream_data@@@__crt_internal_free_policy@@QEBAXQEBQEAU__crt_stdio_stream_data@@@Z 0000000140003770 f i libucrtd:_file.obj
 0001:00002770       ??$?RPEAD@__crt_internal_free_policy@@QEBAXQEBQEAD@Z 0000000140003770 f i libucrtd:argv_parsing.obj
 0001:00002770       ??$?RE@__crt_internal_free_policy@@QEBAXQEBE@Z 0000000140003770 f i libucrtd:argv_parsing.obj
 0001:00002770       ??$?RU__acrt_ptd@@@__crt_internal_free_policy@@QEBAXQEBU__acrt_ptd@@@Z 0000000140003770 f i libucrtd:per_thread_data.obj
 0001:00002770       ??$?RU__crt_lowio_handle_data@@@__crt_internal_free_policy@@QEBAXQEBU__crt_lowio_handle_data@@@Z 0000000140003770 f i libucrtd:osfinfo.obj
 0001:00002770       ??$?RP6AXXZ@__crt_internal_free_policy@@QEBAXQEBQ6AXXZ@Z 0000000140003770 f i libucrtd:onexit.obj
 0001:00002770       ??$?RU__vcrt_ptd@@@__crt_internal_free_policy@@QEBAXQEBU__vcrt_ptd@@@Z 0000000140003770 f i libvcruntimed:per_thread_data.obj
 0001:00002770       ??$?RU__crt_multibyte_data@@@__crt_internal_free_policy@@QEBAXQEBU__crt_multibyte_data@@@Z 0000000140003770 f i libucrtd:wsetlocale.obj
 0001:000027a0       ??0?$string_output_adapter@_W@__crt_stdio_output@@QEAA@QEAU?$string_output_adapter_context@_W@1@@Z 00000001400037a0 f i libucrtd:output.obj
 0001:000027a0       ??0?$__crt_scoped_stack_ptr_tag@_W@@QEAA@QEA_W@Z 00000001400037a0 f i libucrtd:getstringtypea.obj
 0001:000027a0       ??0?$__crt_unique_heap_ptr@PEADU__crt_internal_free_policy@@@@QEAA@QEAPEAD@Z 00000001400037a0 f i libucrtd:argv_parsing.obj
 0001:000027a0       ??0__crt_stdio_stream@@QEAA@QEAU__crt_stdio_stream_data@@@Z 00000001400037a0 f i libucrtd:fflush.obj
 0001:000027a0       ??0?$__crt_unique_heap_ptr@U__crt_lowio_handle_data@@U__crt_internal_free_policy@@@@QEAA@QEAU__crt_lowio_handle_data@@@Z 00000001400037a0 f i libucrtd:osfinfo.obj
 0001:000027a0       ??0?$__crt_unique_heap_ptr@U__crt_multibyte_data@@U__crt_internal_free_policy@@@@QEAA@QEAU__crt_multibyte_data@@@Z 00000001400037a0 f i libucrtd:wsetlocale.obj
 0001:000027a0       ??0?$__crt_scoped_stack_ptr@_W@@QEAA@U?$__crt_scoped_stack_ptr_tag@_W@@@Z 00000001400037a0 f i libucrtd:getstringtypea.obj
 0001:000027a0       ??0?$__crt_unique_handle_t@U__crt_hmodule_traits@@@@QEAA@QEAUHINSTANCE__@@@Z 00000001400037a0 f i libucrtd:exit.obj
 0001:000027a0       ??0?$__crt_unique_heap_ptr@U__acrt_ptd@@U__crt_internal_free_policy@@@@QEAA@QEAU__acrt_ptd@@@Z 00000001400037a0 f i libucrtd:per_thread_data.obj
 0001:000027a0       ??0?$string_output_adapter@D@__crt_stdio_output@@QEAA@QEAU?$string_output_adapter_context@D@1@@Z 00000001400037a0 f i libucrtd:output.obj
 0001:000027a0       ??0?$__crt_unique_heap_ptr@U__vcrt_ptd@@U__crt_internal_free_policy@@@@QEAA@QEAU__vcrt_ptd@@@Z 00000001400037a0 f i libvcruntimed:per_thread_data.obj
 0001:000027a0       ??0?$__crt_unique_heap_ptr@PEAU__crt_stdio_stream_data@@U__crt_internal_free_policy@@@@QEAA@QEAPEAU__crt_stdio_stream_data@@@Z 00000001400037a0 f i libucrtd:_file.obj
 0001:000027a0       ??0?$__crt_unique_heap_ptr@DU__crt_public_free_policy@@@@QEAA@QEAD@Z 00000001400037a0 f i libvcruntimed:std_exception.obj
 0001:000027a0       ??0?$__crt_unique_heap_ptr@DU__crt_internal_free_policy@@@@QEAA@QEAD@Z 00000001400037a0 f i libvcruntimed:std_type_info.obj
 0001:000027a0       ??0?$__crt_unique_heap_ptr@P6AXXZU__crt_internal_free_policy@@@@QEAA@QEAP6AXXZ@Z 00000001400037a0 f i libucrtd:onexit.obj
 0001:000027a0       ??0?$__crt_unique_handle_t@U__crt_findfile_traits@@@@QEAA@QEAX@Z 00000001400037a0 f i libucrtd:argv_wildcards.obj
 0001:000027a0       ??0__crt_stdio_stream@@QEAA@QEAU_iobuf@@@Z 00000001400037a0 f i libucrtd:output.obj
 0001:000027a0       ??0?$__crt_unique_heap_ptr@EU__crt_internal_free_policy@@@@QEAA@QEAE@Z 00000001400037a0 f i libucrtd:argv_parsing.obj
 0001:000027c0       ??1?$__crt_unique_heap_ptr@U__crt_lowio_handle_data@@U__crt_internal_free_policy@@@@QEAA@XZ 00000001400037c0 f i libucrtd:osfinfo.obj
 0001:000027c0       ??1?$__crt_unique_heap_ptr@P6AXXZU__crt_internal_free_policy@@@@QEAA@XZ 00000001400037c0 f i libucrtd:onexit.obj
 0001:000027c0       ??1?$__crt_unique_heap_ptr@U__crt_multibyte_data@@U__crt_internal_free_policy@@@@QEAA@XZ 00000001400037c0 f i libucrtd:wsetlocale.obj
 0001:000027c0       ??1?$__crt_unique_heap_ptr@DU__crt_internal_free_policy@@@@QEAA@XZ 00000001400037c0 f i libvcruntimed:std_type_info.obj
 0001:000027c0       ??1?$__crt_unique_heap_ptr@PEAU__crt_stdio_stream_data@@U__crt_internal_free_policy@@@@QEAA@XZ 00000001400037c0 f i libucrtd:_file.obj
 0001:000027c0       ??1?$__crt_unique_heap_ptr@U__vcrt_ptd@@U__crt_internal_free_policy@@@@QEAA@XZ 00000001400037c0 f i libvcruntimed:per_thread_data.obj
 0001:000027c0       ??1?$__crt_unique_heap_ptr@EU__crt_internal_free_policy@@@@QEAA@XZ 00000001400037c0 f i libucrtd:argv_parsing.obj
 0001:000027c0       ??1?$__crt_unique_heap_ptr@PEADU__crt_internal_free_policy@@@@QEAA@XZ 00000001400037c0 f i libucrtd:argv_parsing.obj
 0001:000027c0       ??1?$__crt_unique_heap_ptr@U__acrt_ptd@@U__crt_internal_free_policy@@@@QEAA@XZ 00000001400037c0 f i libucrtd:per_thread_data.obj
 0001:000027e0       ??B?$__crt_unique_heap_ptr@U__acrt_ptd@@U__crt_internal_free_policy@@@@QEBA_NXZ 00000001400037e0 f i libucrtd:per_thread_data.obj
 0001:000027e0       ??B?$__crt_unique_heap_ptr@EU__crt_internal_free_policy@@@@QEBA_NXZ 00000001400037e0 f i libucrtd:argv_parsing.obj
 0001:000027e0       ??B?$__crt_unique_heap_ptr@U__crt_multibyte_data@@U__crt_internal_free_policy@@@@QEBA_NXZ 00000001400037e0 f i libucrtd:wsetlocale.obj
 0001:000027e0       ??B?$__crt_unique_heap_ptr@U__vcrt_ptd@@U__crt_internal_free_policy@@@@QEBA_NXZ 00000001400037e0 f i libvcruntimed:per_thread_data.obj
 0001:000027e0       ??B?$__crt_unique_heap_ptr@DU__crt_internal_free_policy@@@@QEBA_NXZ 00000001400037e0 f i libvcruntimed:std_type_info.obj
 0001:000027e0       ??B?$__crt_unique_heap_ptr@U__crt_lowio_handle_data@@U__crt_internal_free_policy@@@@QEBA_NXZ 00000001400037e0 f i libucrtd:osfinfo.obj
 0001:000027e0       ??B?$__crt_unique_heap_ptr@DU__crt_public_free_policy@@@@QEBA_NXZ 00000001400037e0 f i libvcruntimed:std_exception.obj
 0001:00002800       ?get@?$__crt_unique_handle_t@U__crt_findfile_traits@@@@QEBAPEAXXZ 0000000140003800 f i libucrtd:argv_wildcards.obj
 0001:00002800       ?get@?$__crt_scoped_stack_ptr@_W@@QEBAPEA_WXZ 0000000140003800 f i libucrtd:getstringtypea.obj
 0001:00002800       ?public_stream@__crt_stdio_stream@@QEBAPEAU_iobuf@@XZ 0000000140003800 f i libucrtd:output.obj
 0001:00002800       ?get@?$__crt_unique_handle_t@U__crt_hmodule_traits@@@@QEBAPEAUHINSTANCE__@@XZ 0000000140003800 f i libucrtd:exit.obj
 0001:00002800       ?get@?$__crt_unique_heap_ptr@U__crt_multibyte_data@@U__crt_internal_free_policy@@@@QEBAPEAU__crt_multibyte_data@@XZ 0000000140003800 f i libucrtd:wsetlocale.obj
 0001:00002800       ?get@?$__crt_unique_heap_ptr@DU__crt_public_free_policy@@@@QEBAPEADXZ 0000000140003800 f i libvcruntimed:std_exception.obj
 0001:00002800       ?get@?$__crt_unique_heap_ptr@U__acrt_ptd@@U__crt_internal_free_policy@@@@QEBAPEAU__acrt_ptd@@XZ 0000000140003800 f i libucrtd:per_thread_data.obj
 0001:00002800       ?getFuncInfo@TryBlockMap@__FrameHandler3@@QEAAPEBU_s_FuncInfo@@XZ 0000000140003800 f i libvcruntimed:risctrnsctrl.obj
 0001:00002800       ?save_state@?$c_string_character_source@_W@__crt_strtox@@QEBAPEB_WXZ 0000000140003800 f i libucrtd:atox.obj
 0001:00002800       ?get@?$__crt_unique_heap_ptr@U__vcrt_ptd@@U__crt_internal_free_policy@@@@QEBAPEAU__vcrt_ptd@@XZ 0000000140003800 f i libvcruntimed:per_thread_data.obj
 0001:00002800       ?get@?$__crt_unique_heap_ptr@EU__crt_internal_free_policy@@@@QEBAPEAEXZ 0000000140003800 f i libucrtd:argv_parsing.obj
 0001:00002800       ??C__crt_stdio_stream@@QEBAPEAU__crt_stdio_stream_data@@XZ 0000000140003800 f i libucrtd:output.obj
 0001:00002800       ?get@?$__crt_unique_heap_ptr@DU__crt_internal_free_policy@@@@QEBAPEADXZ 0000000140003800 f i libvcruntimed:std_type_info.obj
 0001:00002800       ?get@?$__crt_unique_heap_ptr@PEADU__crt_internal_free_policy@@@@QEBAPEAPEADXZ 0000000140003800 f i libucrtd:argv_parsing.obj
 0001:00002800       ?save_state@?$c_string_character_source@D@__crt_strtox@@QEBAPEBDXZ 0000000140003800 f i libucrtd:atox.obj
 0001:00002800       ?get@?$__crt_unique_heap_ptr@U__crt_lowio_handle_data@@U__crt_internal_free_policy@@@@QEBAPEAU__crt_lowio_handle_data@@XZ 0000000140003800 f i libucrtd:osfinfo.obj
 0001:00002810       ?is_valid@?$__crt_unique_heap_ptr@DU__crt_public_free_policy@@@@QEBA_NXZ 0000000140003810 f i libvcruntimed:std_exception.obj
 0001:00002810       ?is_valid@?$__crt_unique_heap_ptr@U__acrt_ptd@@U__crt_internal_free_policy@@@@QEBA_NXZ 0000000140003810 f i libucrtd:per_thread_data.obj
 0001:00002810       ?is_valid@?$__crt_unique_heap_ptr@U__crt_multibyte_data@@U__crt_internal_free_policy@@@@QEBA_NXZ 0000000140003810 f i libucrtd:wsetlocale.obj
 0001:00002810       ?is_valid@?$__crt_unique_heap_ptr@U__crt_lowio_handle_data@@U__crt_internal_free_policy@@@@QEBA_NXZ 0000000140003810 f i libucrtd:osfinfo.obj
 0001:00002810       ?is_valid@?$__crt_unique_heap_ptr@DU__crt_internal_free_policy@@@@QEBA_NXZ 0000000140003810 f i libvcruntimed:std_type_info.obj
 0001:00002810       ?is_valid@?$__crt_unique_heap_ptr@U__vcrt_ptd@@U__crt_internal_free_policy@@@@QEBA_NXZ 0000000140003810 f i libvcruntimed:per_thread_data.obj
 0001:00002810       ??B?$__crt_scoped_stack_ptr@_W@@QEBA_NXZ 0000000140003810 f i libucrtd:lcmapstringa.obj
 0001:00002810       ?is_valid@?$__crt_unique_heap_ptr@EU__crt_internal_free_policy@@@@QEBA_NXZ 0000000140003810 f i libucrtd:argv_parsing.obj
 0001:00002810       ?valid@__crt_stdio_stream@@QEBA_NXZ 0000000140003810 f i libucrtd:output.obj
 0001:00002840       ?release@?$__crt_unique_heap_ptr@U__vcrt_ptd@@U__crt_internal_free_policy@@@@QEAAXXZ 0000000140003840 f i libvcruntimed:per_thread_data.obj
 0001:00002840       ?release@?$__crt_unique_heap_ptr@DU__crt_internal_free_policy@@@@QEAAXXZ 0000000140003840 f i libvcruntimed:std_type_info.obj
 0001:00002840       ?release@?$__crt_unique_heap_ptr@PEAU__crt_stdio_stream_data@@U__crt_internal_free_policy@@@@QEAAXXZ 0000000140003840 f i libucrtd:_file.obj
 0001:00002840       ?release@?$__crt_unique_heap_ptr@P6AXXZU__crt_internal_free_policy@@@@QEAAXXZ 0000000140003840 f i libucrtd:onexit.obj
 0001:00002840       ?release@?$__crt_unique_heap_ptr@U__crt_lowio_handle_data@@U__crt_internal_free_policy@@@@QEAAXXZ 0000000140003840 f i libucrtd:osfinfo.obj
 0001:00002840       ?release@?$__crt_unique_heap_ptr@U__acrt_ptd@@U__crt_internal_free_policy@@@@QEAAXXZ 0000000140003840 f i libucrtd:per_thread_data.obj
 0001:00002840       ?release@?$__crt_unique_heap_ptr@EU__crt_internal_free_policy@@@@QEAAXXZ 0000000140003840 f i libucrtd:argv_parsing.obj
 0001:00002840       ?release@?$__crt_unique_heap_ptr@U__crt_multibyte_data@@U__crt_internal_free_policy@@@@QEAAXXZ 0000000140003840 f i libucrtd:wsetlocale.obj
 0001:00002840       ?release@?$__crt_unique_heap_ptr@PEADU__crt_internal_free_policy@@@@QEAAXXZ 0000000140003840 f i libucrtd:argv_parsing.obj
 0001:00002870       __std_type_info_compare    0000000140003870 f   libvcruntimed:std_type_info.obj
 0001:000028c0       _NLG_Notify                00000001400038c0 f   libvcruntimed:notify.obj
 0001:000028e0       __NLG_Dispatch2            00000001400038e0 f   libvcruntimed:notify.obj
 0001:000028f0       __NLG_Return2              00000001400038f0 f   libvcruntimed:notify.obj
 0001:00002900       __except_validate_context_record 0000000140003900 f   libvcruntimed:jbcxrval.obj
 0001:00002960       __DestructExceptionObject  0000000140003960 f   libvcruntimed:ehhelpers.obj
 0001:00002a60       ?_CallMemberFunction0@@YAXQEAX0@Z 0000000140003a60 f i libvcruntimed:ehhelpers.obj
 0001:00002a90       _IsExceptionObjectToBeDestroyed 0000000140003a90 f   libvcruntimed:ehhelpers.obj
 0001:00002ae0       __AdjustPointer            0000000140003ae0 f   libvcruntimed:ehhelpers.obj
 0001:00002b60       __FrameUnwindFilter        0000000140003b60 f   libvcruntimed:ehhelpers.obj
 0001:00002c30       ?detach@?$__crt_unique_heap_ptr@PEADU__crt_internal_free_policy@@@@QEAAPEAPEADXZ 0000000140003c30 f i libucrtd:argv_parsing.obj
 0001:00002c30       ?detach@?$__crt_unique_heap_ptr@U__crt_lowio_handle_data@@U__crt_internal_free_policy@@@@QEAAPEAU__crt_lowio_handle_data@@XZ 0000000140003c30 f i libucrtd:osfinfo.obj
 0001:00002c30       ?detach@?$__crt_unique_heap_ptr@U__acrt_ptd@@U__crt_internal_free_policy@@@@QEAAPEAU__acrt_ptd@@XZ 0000000140003c30 f i libucrtd:per_thread_data.obj
 0001:00002c30       ?detach@?$__crt_unique_heap_ptr@PEAU__crt_stdio_stream_data@@U__crt_internal_free_policy@@@@QEAAPEAPEAU__crt_stdio_stream_data@@XZ 0000000140003c30 f i libucrtd:_file.obj
 0001:00002c30       ?detach@?$__crt_unique_heap_ptr@P6AXXZU__crt_internal_free_policy@@@@QEAAPEAP6AXXZXZ 0000000140003c30 f i libucrtd:onexit.obj
 0001:00002c30       ?detach@?$__crt_unique_heap_ptr@U__vcrt_ptd@@U__crt_internal_free_policy@@@@QEAAPEAU__vcrt_ptd@@XZ 0000000140003c30 f i libvcruntimed:per_thread_data.obj
 0001:00002c30       ?detach@?$__crt_unique_heap_ptr@EU__crt_internal_free_policy@@@@QEAAPEAEXZ 0000000140003c30 f i libucrtd:argv_parsing.obj
 0001:00002c30       ?detach@?$__crt_unique_heap_ptr@U__crt_multibyte_data@@U__crt_internal_free_policy@@@@QEAAPEAU__crt_multibyte_data@@XZ 0000000140003c30 f i libucrtd:wsetlocale.obj
 0001:00002c30       ?detach@?$__crt_unique_heap_ptr@DU__crt_public_free_policy@@@@QEAAPEADXZ 0000000140003c30 f i libvcruntimed:std_exception.obj
 0001:00002cb0       __vcrt_freefls             0000000140003cb0 f   libvcruntimed:per_thread_data.obj
 0001:00002cf0       __vcrt_getptd              0000000140003cf0 f   libvcruntimed:per_thread_data.obj
 0001:00002d20       __vcrt_getptd_noexit       0000000140003d20 f   libvcruntimed:per_thread_data.obj
 0001:00002ec0       __vcrt_initialize_ptd      0000000140003ec0 f   libvcruntimed:per_thread_data.obj
 0001:00002f10       __vcrt_uninitialize_ptd    0000000140003f10 f   libvcruntimed:per_thread_data.obj
 0001:00002f40       __vcrt_initialize_locks    0000000140003f40 f   libvcruntimed:locks.obj
 0001:00002fb0       __vcrt_uninitialize_locks  0000000140003fb0 f   libvcruntimed:locks.obj
 0001:00003010       ??$?BP6AXXZ@__crt_fast_encoded_nullptr_t@@QEBAPEAP6AXXZXZ 0000000140004010 f i libucrtd:onexit.obj
 0001:00003010       ??$?B$$A6AXXZ@__crt_fast_encoded_nullptr_t@@QEBAP6AXXZXZ 0000000140004010 f i libvcruntimed:purevirt_data.obj
 0001:00003010       ??$?B$$A6AXH@Z@__crt_fast_encoded_nullptr_t@@QEBAP6AXH@ZXZ 0000000140004010 f i libucrtd:signal.obj
 0001:00003010       ??$?B$$A6AXPEAXK0@Z@__crt_fast_encoded_nullptr_t@@QEBAP6AXPEAXK0@ZXZ 0000000140004010 f i libucrtd:exit.obj
 0001:00003010       ??$?BX@__crt_fast_encoded_nullptr_t@@QEBAPEAXXZ 0000000140004010 f i libvcruntimed:winapi_downlevel.obj
 0001:00003030       ??$__crt_interlocked_exchange_pointer@UHINSTANCE__@@PEAU1@@@YAPEAUHINSTANCE__@@PEDSEAU0@QEAU0@@Z 0000000140004030 f i libvcruntimed:winapi_downlevel.obj
 0001:00003030       ??$__crt_interlocked_exchange_pointer@XPEAX@@YAPEAXPEDSEAXQEAX@Z 0000000140004030 f i libvcruntimed:winapi_downlevel.obj
 0001:00003030       ??$__crt_interlocked_exchange_pointer@UHINSTANCE__@@PEAX@@YAPEAUHINSTANCE__@@PEDSEAU0@QEAX@Z 0000000140004030 f i libvcruntimed:winapi_downlevel.obj
 0001:00003050       ?__crt_fast_encode_pointer@@YA?AU__crt_fast_encoded_nullptr_t@@$$T@Z 0000000140004050 f i libvcruntimed:winapi_downlevel.obj
 0001:00003070       ?get_invalid_value@__crt_findfile_traits@@SAPEAXXZ 0000000140004070 f   libucrtd:argv_wildcards.obj
 0001:000035b0       __vcrt_FlsAlloc            00000001400045b0 f   libvcruntimed:winapi_downlevel.obj
 0001:00003600       __vcrt_FlsFree             0000000140004600 f   libvcruntimed:winapi_downlevel.obj
 0001:00003650       __vcrt_FlsGetValue         0000000140004650 f   libvcruntimed:winapi_downlevel.obj
 0001:000036a0       __vcrt_FlsSetValue         00000001400046a0 f   libvcruntimed:winapi_downlevel.obj
 0001:00003700       __vcrt_InitializeCriticalSectionEx 0000000140004700 f   libvcruntimed:winapi_downlevel.obj
 0001:00003760       __vcrt_initialize_winapi_thunks 0000000140004760 f   libvcruntimed:winapi_downlevel.obj
 0001:000037e0       __vcrt_uninitialize_winapi_thunks 00000001400047e0 f   libvcruntimed:winapi_downlevel.obj
 0001:00003880       __vcrt_initialize_pure_virtual_call_handler 0000000140004880 f   libvcruntimed:purevirt_data.obj
 0001:000038b0       _vsprintf_s_l              00000001400048b0 f i libvcruntimed:undname.obj
 0001:00003920       sprintf_s                  0000000140004920 f i libvcruntimed:undname.obj
 0001:00003990       memcpy_repmovs             0000000140004990 f   libvcruntimed:memcpy.obj
 0001:000039b0       memmove                    00000001400049b0 f   libvcruntimed:memcpy.obj
 0001:000039b0       memcpy                     00000001400049b0 f   libvcruntimed:memcpy.obj
 0001:00003df0       ??$?0AEAViterator@TryBlockMap@__FrameHandler3@@AEAV012@$0A@@?$pair@Viterator@TryBlockMap@__FrameHandler3@@V123@@std@@QEAA@AEAViterator@TryBlockMap@__FrameHandler3@@0@Z 0000000140004df0 f i libvcruntimed:risctrnsctrl.obj
 0001:00003f00       ??$_CallSETranslator@V__FrameHandler3@@@@YAHPEAUEHExceptionRecord@@PEA_KPEAU_CONTEXT@@PEAU_xDISPATCHER_CONTEXT@@PEBU_s_FuncInfo@@K1@Z 0000000140004f00 f i libvcruntimed:risctrnsctrl.obj
 0001:00003f80       ?debug_info@?$__crt_win32_buffer@DU__crt_win32_buffer_no_resizing@@@@QEBAAEBV__crt_win32_buffer_empty_debug_info@@XZ 0000000140004f80 f i libucrtd:getmodulefilenamea.obj
 0001:00003f80       ?dangerous_get_state_array@?$dual_state_global@PEAU__crt_locale_data@@@__crt_state_management@@QEAAPEAPEAU__crt_locale_data@@XZ 0000000140004f80 f i libucrtd:per_thread_data.obj
 0001:00003f80       ?debug_info@?$__crt_win32_buffer@DU__crt_win32_buffer_internal_dynamic_resizing@@@@QEBAAEBV__crt_win32_buffer_empty_debug_info@@XZ 0000000140004f80 f i libucrtd:argv_wildcards.obj
 0001:00003f80       ?dangerous_get_state_array@?$dual_state_global@P6AXPEB_W00I_K@Z@__crt_state_management@@QEAAPEAP6AXPEB_W00I_K@ZXZ 0000000140004f80 f i libucrtd:invalid_parameter.obj
 0001:00003f80       ??$forward@AEAViterator@TryBlockMap@__FrameHandler3@@@std@@YAAEAViterator@TryBlockMap@__FrameHandler3@@AEAV123@@Z 0000000140004f80 f i libvcruntimed:risctrnsctrl.obj
 0001:00003f80       ?get_address_of@?$__crt_unique_handle_t@U__crt_hmodule_traits@@@@QEAAPEAPEAUHINSTANCE__@@XZ 0000000140004f80 f i libucrtd:exit.obj
 0001:00003f80       ?dangerous_get_state_array@?$dual_state_global@PEAU__crt_multibyte_data@@@__crt_state_management@@QEAAPEAPEAU__crt_multibyte_data@@XZ 0000000140004f80 f i libucrtd:mbctype.obj
 0001:00003f80       ?debug_info@?$__crt_win32_buffer@_WU__crt_win32_buffer_internal_dynamic_resizing@@@@QEBAAEBV__crt_win32_buffer_empty_debug_info@@XZ 0000000140004f80 f i libucrtd:argv_wildcards.obj
 0001:00003f80       ?dangerous_get_state_array@?$dual_state_global@PEAE@__crt_state_management@@QEAAPEAPEAEXZ 0000000140004f80 f i libucrtd:mbctype.obj
 0001:00003f80       ?get_address_of@?$__crt_unique_heap_ptr@PEADU__crt_internal_free_policy@@@@QEAAPEAPEAPEADXZ 0000000140004f80 f i libucrtd:argv_parsing.obj
 0001:00003f90       ??0iterator@HandlerMap@__FrameHandler3@@QEAA@AEAV12@I@Z 0000000140004f90 f i libvcruntimed:frame.obj
 0001:00003f90       ??0iterator@TryBlockMap@__FrameHandler3@@QEAA@AEAV12@I@Z 0000000140004f90 f i libvcruntimed:risctrnsctrl.obj
 0001:00003fc0       ?CatchTryBlock@__FrameHandler3@@SAPEBU_s_TryBlockMapEntry@@PEBU_s_FuncInfo@@H@Z 0000000140004fc0 f   libvcruntimed:risctrnsctrl.obj
 0001:00004060       ?ExecutionInCatch@__FrameHandler3@@SA_NPEAU_xDISPATCHER_CONTEXT@@PEBU_s_FuncInfo@@@Z 0000000140005060 f   libvcruntimed:risctrnsctrl.obj
 0001:000040b0       ?FrameUnwindToEmptyState@__FrameHandler3@@SAXPEA_KPEAU_xDISPATCHER_CONTEXT@@PEBU_s_FuncInfo@@@Z 00000001400050b0 f   libvcruntimed:risctrnsctrl.obj
 0001:00004150       ?GetEstablisherFrame@__FrameHandler3@@SAPEA_KPEA_KPEAU_xDISPATCHER_CONTEXT@@PEBU_s_FuncInfo@@0@Z 0000000140005150 f   libvcruntimed:risctrnsctrl.obj
 0001:000042c0       ?GetRangeOfTrysToCheck@__FrameHandler3@@SA?AU?$pair@Viterator@TryBlockMap@__FrameHandler3@@V123@@std@@AEAVTryBlockMap@1@HH@Z 00000001400052c0 f   libvcruntimed:risctrnsctrl.obj
 0001:00004510       ?UnwindNestedFrames@__FrameHandler3@@SAXPEA_KPEAUEHExceptionRecord@@PEAU_CONTEXT@@0PEAXPEBU_s_FuncInfo@@HHPEBU_s_HandlerType@@PEAU_xDISPATCHER_CONTEXT@@E@Z 0000000140005510 f   libvcruntimed:risctrnsctrl.obj
 0001:00004680       ?getpDC@TryBlockMap@__FrameHandler3@@QEAAPEAU_xDISPATCHER_CONTEXT@@XZ 0000000140005680 f i libvcruntimed:risctrnsctrl.obj
 0001:00004690       _CreateFrameInfo           0000000140005690 f   libvcruntimed:risctrnsctrl.obj
 0001:00004700       _FindAndUnlinkFrame        0000000140005700 f   libvcruntimed:risctrnsctrl.obj
 0001:00004780       _GetImageBase              0000000140005780 f   libvcruntimed:risctrnsctrl.obj
 0001:000047a0       _GetThrowImageBase         00000001400057a0 f   libvcruntimed:risctrnsctrl.obj
 0001:000047c0       _SetImageBase              00000001400057c0 f   libvcruntimed:risctrnsctrl.obj
 0001:000047e0       _SetThrowImageBase         00000001400057e0 f   libvcruntimed:risctrnsctrl.obj
 0001:00004800       __CxxFrameHandler3         0000000140005800 f   libvcruntimed:risctrnsctrl.obj
 0001:000048c0       ?GetCurrentState@__FrameHandler3@@SAHPEA_KPEAU_xDISPATCHER_CONTEXT@@PEBU_s_FuncInfo@@@Z 00000001400058c0 f   libvcruntimed:ehstate.obj
 0001:00004920       ?GetUnwindTryBlock@__FrameHandler3@@SAHPEA_KPEAU_xDISPATCHER_CONTEXT@@PEBU_s_FuncInfo@@@Z 0000000140005920 f   libvcruntimed:ehstate.obj
 0001:00004970       ?SetState@__FrameHandler3@@SAXPEA_KPEBU_s_FuncInfo@@H@Z 0000000140005970 f   libvcruntimed:ehstate.obj
 0001:000049a0       ?SetUnwindTryBlock@__FrameHandler3@@SAXPEA_KPEAU_xDISPATCHER_CONTEXT@@PEBU_s_FuncInfo@@H@Z 00000001400059a0 f   libvcruntimed:ehstate.obj
 0001:00004a10       ?StateFromControlPc@__FrameHandler3@@SAHPEBU_s_FuncInfo@@PEAU_xDISPATCHER_CONTEXT@@@Z 0000000140005a10 f   libvcruntimed:ehstate.obj
 0001:00004a50       ?StateFromIp@__FrameHandler3@@SAHPEBU_s_FuncInfo@@PEAU_xDISPATCHER_CONTEXT@@_K@Z 0000000140005a50 f   libvcruntimed:ehstate.obj
 0001:00005ca0       ??$TypeMatchHelper@V__FrameHandler3@@@@YAHPEBU_s_HandlerType@@PEBU_s_CatchableType@@PEBU_s_ThrowInfo@@@Z 0000000140006ca0 f i libvcruntimed:frame.obj
 0001:00005e90       ??$__InternalCxxFrameHandler@V__FrameHandler3@@@@YA?AW4_EXCEPTION_DISPOSITION@@PEAUEHExceptionRecord@@PEA_KPEAU_CONTEXT@@PEAU_xDISPATCHER_CONTEXT@@PEBU_s_FuncInfo@@H1E@Z 0000000140006e90 f i libvcruntimed:frame.obj
 0001:00006310       ??0HandlerMap@__FrameHandler3@@QEAA@PEBU_s_TryBlockMapEntry@@PEAU_xDISPATCHER_CONTEXT@@@Z 0000000140007310 f i libvcruntimed:frame.obj
 0001:00006350       ??0TryBlockMap@__FrameHandler3@@QEAA@PEBU_s_FuncInfo@@PEAU_xDISPATCHER_CONTEXT@@@Z 0000000140007350 f i libvcruntimed:frame.obj
 0001:00006380       ??0bad_exception@std@@QEAA@AEBV01@@Z 0000000140007380 f i libvcruntimed:frame.obj
 0001:000063c0       ??0bad_exception@std@@QEAA@XZ 00000001400073c0 f i libvcruntimed:frame.obj
 0001:00006400       ??0exception@std@@QEAA@AEBV01@@Z 0000000140007400 f i libvcruntimed:frame.obj
 0001:00006460       ??0exception@std@@QEAA@QEBDH@Z 0000000140007460 f i libvcruntimed:frame.obj
 0001:000064b0       ??1bad_exception@std@@UEAA@XZ 00000001400074b0 f i libvcruntimed:frame.obj
 0001:000064d0       ??1exception@std@@UEAA@XZ  00000001400074d0 f i libvcruntimed:frame.obj
 0001:00006500       ??8iterator@HandlerMap@__FrameHandler3@@QEBA_NAEBV012@@Z 0000000140007500 f i libvcruntimed:frame.obj
 0001:00006540       ??8type_info@@QEBA_NAEBV0@@Z 0000000140007540 f i libvcruntimed:frame.obj
 0001:00006590       ??9iterator@HandlerMap@__FrameHandler3@@QEBA_NAEBV012@@Z 0000000140007590 f i libvcruntimed:frame.obj
 0001:000065d0       ??Diterator@HandlerMap@__FrameHandler3@@QEAAPEBU_s_HandlerType@@XZ 00000001400075d0 f i libvcruntimed:frame.obj
 0001:00006600       ??Diterator@TryBlockMap@__FrameHandler3@@QEAAPEBU_s_TryBlockMapEntry@@XZ 0000000140007600 f i libvcruntimed:frame.obj
 0001:00006640       ??Eiterator@TryBlockMap@__FrameHandler3@@QEAAAEAV012@XZ 0000000140007640 f i libvcruntimed:frame.obj
 0001:00006640       ??Eiterator@HandlerMap@__FrameHandler3@@QEAAAEAV012@XZ 0000000140007640 f i libvcruntimed:frame.obj
 0001:00006660       ??Miterator@TryBlockMap@__FrameHandler3@@QEBA_NAEBV012@@Z 0000000140007660 f i libvcruntimed:frame.obj
 0001:000066a0       ??_Ebad_exception@std@@UEAAPEAXI@Z 00000001400076a0 f i libvcruntimed:frame.obj
 0001:000066a0       ??_Gbad_exception@std@@UEAAPEAXI@Z 00000001400076a0 f i libvcruntimed:frame.obj
 0001:000066e0       ??_Eexception@std@@UEAAPEAXI@Z 00000001400076e0 f i libvcruntimed:frame.obj
 0001:000066e0       ??_Gexception@std@@UEAAPEAXI@Z 00000001400076e0 f i libvcruntimed:frame.obj
 0001:00006720       ?BuildCatchObject@__FrameHandler3@@SAXPEAUEHExceptionRecord@@PEAXPEBU_s_HandlerType@@PEBU_s_CatchableType@@@Z 0000000140007720 f   libvcruntimed:frame.obj
 0001:00006760       ?CxxCallCatchBlock@__FrameHandler3@@SAPEAXPEAU_EXCEPTION_RECORD@@@Z 0000000140007760 f   libvcruntimed:frame.obj
 0001:00006ac0       ?FrameUnwindToState@__FrameHandler3@@SAXPEA_KPEAU_xDISPATCHER_CONTEXT@@PEBU_s_FuncInfo@@H@Z 0000000140007ac0 f   libvcruntimed:frame.obj
 0001:00006d50       ?GetHandlerSearchState@__FrameHandler3@@SAHPEA_KPEAU_xDISPATCHER_CONTEXT@@PEBU_s_FuncInfo@@@Z 0000000140007d50 f i libvcruntimed:frame.obj
 0001:00006e00       ?GetMaxState@__FrameHandler3@@SAHPEAU_xDISPATCHER_CONTEXT@@PEBU_s_FuncInfo@@@Z 0000000140007e00 f i libvcruntimed:frame.obj
 0001:00007030       ?TypeMatch@__FrameHandler3@@SAHPEBU_s_HandlerType@@PEBU_s_CatchableType@@PEBU_s_ThrowInfo@@@Z 0000000140008030 f   libvcruntimed:frame.obj
 0001:00007030       __TypeMatch                0000000140008030 f   libvcruntimed:frame.obj
 0001:00007060       ?_CallMemberFunction1@@YAXQEAX00@Z 0000000140008060 f i libvcruntimed:frame.obj
 0001:00007090       ?_CallMemberFunction2@@YAXQEAX00H@Z 0000000140008090 f i libvcruntimed:frame.obj
 0001:000070d0       ?_ValidateExecute@@YA_NP6A_JXZ@Z 00000001400080d0 f i libvcruntimed:frame.obj
 0001:000070f0       ?_ValidateRead@@YA_NPEBXI@Z 00000001400080f0 f i libvcruntimed:frame.obj
 0001:000070f0       ?_ValidateWrite@@YA_NPEAXI@Z 00000001400080f0 f i libvcruntimed:frame.obj
 0001:00007150       ?begin@HandlerMap@__FrameHandler3@@QEAA?AViterator@12@XZ 0000000140008150 f i libvcruntimed:frame.obj
 0001:00007180       ?end@HandlerMap@__FrameHandler3@@QEAA?AViterator@12@XZ 0000000140008180 f i libvcruntimed:frame.obj
 0001:000071b0       ?getESTypes@__FrameHandler3@@SAPEBU_s_ESTypeList@@PEBU_s_FuncInfo@@@Z 00000001400081b0 f i libvcruntimed:frame.obj
 0001:000071f0       ?getLastEntry@HandlerMap@__FrameHandler3@@QEAAPEBU_s_HandlerType@@XZ 00000001400081f0 f i libvcruntimed:frame.obj
 0001:00007210       ?getMagicNum@__FrameHandler3@@SAIPEBU_s_FuncInfo@@@Z 0000000140008210 f i libvcruntimed:frame.obj
 0001:00007230       ?getNumTryBlocks@TryBlockMap@__FrameHandler3@@QEAAIXZ 0000000140008230 f i libvcruntimed:frame.obj
 0001:00007250       ?isEHs@__FrameHandler3@@SA_NPEBU_s_FuncInfo@@@Z 0000000140008250 f i libvcruntimed:frame.obj
 0001:00007290       ?isNoExcept@__FrameHandler3@@SA_NPEBU_s_FuncInfo@@@Z 0000000140008290 f i libvcruntimed:frame.obj
 0001:000072d0       ?what@exception@std@@UEBAPEBDXZ 00000001400082d0 f i libvcruntimed:frame.obj
 0001:00007310       __vcrt_EncodePointer       0000000140008310 f i libvcruntimed:frame.obj
 0001:00007340       memset_repmovs             0000000140008340 f   libvcruntimed:memset.obj
 0001:00007360       memset                     0000000140008360 f   libvcruntimed:memset.obj
 0001:00007500       _CallSettingFrame          0000000140008500 f   libvcruntimed:handlers.obj
 0001:00007550       _CallSettingFrameEncoded   0000000140008550 f   libvcruntimed:handlers.obj
 0001:000075a0       ??$?RD@__crt_public_free_policy@@QEBAXQEBD@Z 00000001400085a0 f i libvcruntimed:std_exception.obj
 0001:000075c0       ??1?$__crt_unique_heap_ptr@DU__crt_public_free_policy@@@@QEAA@XZ 00000001400085c0 f i libvcruntimed:std_exception.obj
 0001:000075e0       ?release@?$__crt_unique_heap_ptr@DU__crt_public_free_policy@@@@QEAAXXZ 00000001400085e0 f i libvcruntimed:std_exception.obj
 0001:00007610       __std_exception_copy       0000000140008610 f   libvcruntimed:std_exception.obj
 0001:00007740       __std_exception_destroy    0000000140008740 f   libvcruntimed:std_exception.obj
 0001:00007780       _CxxThrowException         0000000140008780 f   libvcruntimed:throw.obj
 0001:00007940       _seh_filter_exe            0000000140008940 f   libucrtd:exception_filter.obj
 0001:00007db0       __acrt_report_runtime_error 0000000140008db0 f   libucrtd:report_runtime_error.obj
 0001:00008030       _invoke_watson_if_error    0000000140009030 f i libucrtd:report_runtime_error.obj
 0001:00008080       _query_app_type            0000000140009080 f   libucrtd:report_runtime_error.obj
 0001:00008090       _set_app_type              0000000140009090 f   libucrtd:report_runtime_error.obj
 0001:000080a0       ?initialize@?$dual_state_global@P6AH_K@Z@__crt_state_management@@QEAAXQ6AH_K@Z@Z 00000001400090a0 f i libucrtd:new_handler.obj
 0001:000080a0       ?initialize@?$dual_state_global@PEAU__crt_multibyte_data@@@__crt_state_management@@QEAAXQEAU__crt_multibyte_data@@@Z 00000001400090a0 f i libucrtd:mbctype.obj
 0001:000080a0       ?initialize@?$dual_state_global@P6AHPEAU_exception@@@Z@__crt_state_management@@QEAAXQ6AHPEAU_exception@@@Z@Z 00000001400090a0 f i libucrtd:matherr.obj
 0001:000080a0       ?initialize@?$dual_state_global@P6AXH@Z@__crt_state_management@@QEAAXQ6AXH@Z@Z 00000001400090a0 f i libucrtd:signal.obj
 0001:000080a0       ?initialize@?$dual_state_global@PEAU__crt_locale_data@@@__crt_state_management@@QEAAXQEAU__crt_locale_data@@@Z 00000001400090a0 f i libucrtd:initialization.obj
 0001:000080f0       ?value@?$dual_state_global@PEAU__crt_multibyte_data@@@__crt_state_management@@QEAAAEAPEAU__crt_multibyte_data@@XZ 00000001400090f0 f i libucrtd:mbctype.obj
 0001:000080f0       ?value@?$dual_state_global@P6AXPEB_W00I_K@Z@__crt_state_management@@QEAAAEAP6AXPEB_W00I_K@ZXZ 00000001400090f0 f i libucrtd:invalid_parameter.obj
 0001:000080f0       ?value@?$dual_state_global@P6AH_K@Z@__crt_state_management@@QEAAAEAP6AH_K@ZXZ 00000001400090f0 f i libucrtd:new_handler.obj
 0001:000080f0       ?value@?$dual_state_global@P6AXH@Z@__crt_state_management@@QEAAAEAP6AXH@ZXZ 00000001400090f0 f i libucrtd:signal.obj
 0001:000080f0       ?value@?$dual_state_global@PEAE@__crt_state_management@@QEAAAEAPEAEXZ 00000001400090f0 f i libucrtd:mbctype.obj
 0001:000080f0       ?value@?$dual_state_global@P6AHPEAU_exception@@@Z@__crt_state_management@@QEAAAEAP6AHPEAU_exception@@@ZXZ 00000001400090f0 f i libucrtd:matherr.obj
 0001:000080f0       ?value@?$dual_state_global@PEAU__crt_locale_data@@@__crt_state_management@@QEAAAEAPEAU__crt_locale_data@@XZ 00000001400090f0 f i libucrtd:wsetlocale.obj
 0001:00008110       __acrt_has_user_matherr    0000000140009110 f   libucrtd:matherr.obj
 0001:00008150       __acrt_initialize_user_matherr 0000000140009150 f   libucrtd:matherr.obj
 0001:00008170       __acrt_invoke_user_matherr 0000000140009170 f   libucrtd:matherr.obj
 0001:000081c0       __setusermatherr           00000001400091c0 f   libucrtd:matherr.obj
 0001:00008590       ??$get_module_file_name@$$TAEAY0BAF@DH@?$__crt_char_traits@D@@SAK$$QEA$$TAEAY0BAF@D$$QEAH@Z 0000000140009590 f i libucrtd:argv_parsing.obj
 0001:00008590       ??$get_module_file_name@AEAPEAUHINSTANCE__@@AEAY0BAF@DK@?$__crt_char_traits@D@@SAKAEAPEAUHINSTANCE__@@AEAY0BAF@D$$QEAK@Z 0000000140009590 f i libucrtd:dbgrpt.obj
 0001:00008a60       ??$set_program_name@PEAD@?$__crt_char_traits@D@@SAX$$QEAPEAD@Z 0000000140009a60 f i libucrtd:argv_parsing.obj
 0001:00008b90       __acrt_allocate_buffer_for_argv 0000000140009b90 f   libucrtd:argv_parsing.obj
 0001:00008cb0       _configure_narrow_argv     0000000140009cb0 f   libucrtd:argv_parsing.obj
 0001:00008cd0       _set_pgmptr                0000000140009cd0 f i libucrtd:argv_parsing.obj
 0001:00008f00       ??$tcslen@AEAPEAD@?$__crt_char_traits@D@@SA_KAEAPEAD@Z 0000000140009f00 f i libucrtd:environment_initialization.obj
 0001:00008f4c       ??B?$__crt_unique_heap_ptr@PEADU__crt_internal_free_policy@@@@QEBA_NXZ 0000000140009f4c f i libucrtd:environment_initialization.obj
 0001:00008f54       ?detach@?$__crt_unique_heap_ptr@DU__crt_internal_free_policy@@@@QEAAPEADXZ 0000000140009f54 f i libucrtd:environment_initialization.obj
 0001:00008f5c       __dcrt_uninitialize_environments_nolock 0000000140009f5c f   libucrtd:environment_initialization.obj
 0001:00008f94       _initialize_narrow_environment 0000000140009f94 f   libucrtd:environment_initialization.obj
 0001:000090e0       _get_narrow_winmain_command_line 000000014000a0e0 f   libucrtd:argv_winmain.obj
 0001:000090f0       _initterm                  000000014000a0f0 f   libucrtd:initterm.obj
 0001:00009150       _initterm_e                000000014000a150 f   libucrtd:initterm.obj
 0001:00009260       ??$__crt_get_proc_address@P6AXI@Z@@YAP6AXI@ZQEAUHINSTANCE__@@QEBD@Z 000000014000a260 f i libucrtd:exit.obj
 0001:00009290       ??$__crt_interlocked_read@J@@YAJPEDJ@Z 000000014000a290 f i libucrtd:exit.obj
 0001:00009320       ??1?$__crt_unique_handle_t@U__crt_hmodule_traits@@@@QEAA@XZ 000000014000a320 f i libucrtd:exit.obj
 0001:00009480       ?__acrt_select_exit_lock@@YA?AW4__acrt_lock_id@@XZ 000000014000a480 f i libucrtd:exit.obj
 0001:00009490       ?__crt_interlocked_read_32@@YAHPEDH@Z 000000014000a490 f i libucrtd:exit.obj
 0001:000094d0       ?close@?$__crt_unique_handle_t@U__crt_hmodule_traits@@@@QEAAXXZ 000000014000a4d0 f i libucrtd:exit.obj
 0001:00009510       ?close@__crt_hmodule_traits@@SA_NPEAUHINSTANCE__@@@Z 000000014000a510 f i libucrtd:exit.obj
 0001:000097d0       __acrt_initialize_thread_local_exit_callback 000000014000a7d0 f   libucrtd:exit.obj
 0001:000097f0       _c_exit                    000000014000a7f0 f   libucrtd:exit.obj
 0001:00009810       _cexit                     000000014000a810 f   libucrtd:exit.obj
 0001:00009830       _exit                      000000014000a830 f   libucrtd:exit.obj
 0001:00009850       _register_thread_local_exe_atexit_callback 000000014000a850 f   libucrtd:exit.obj
 0001:000098a0       exit                       000000014000a8a0 f   libucrtd:exit.obj
 0001:000098c0       ?value@?$dual_state_global@H@__crt_state_management@@QEAAAEAHXZ 000000014000a8c0 f i libucrtd:setmode.obj
 0001:000098c0       ?value@?$dual_state_global@J@__crt_state_management@@QEAAAEAJXZ 000000014000a8c0 f i libucrtd:new_mode.obj
 0001:000098e0       _set_fmode                 000000014000a8e0 f   libucrtd:setmode.obj
 0001:00009b20       __acrt_set_locale_changed  000000014000ab20 f   libucrtd:wsetlocale.obj
 0001:00009b30       __acrt_uninitialize_locale 000000014000ab30 f   libucrtd:wsetlocale.obj
 0001:00009b60       __ascii_tolower            000000014000ab60 f i libucrtd:wsetlocale.obj
 0001:00009b80       __ascii_towlower           000000014000ab80 f i libucrtd:wsetlocale.obj
 0001:00009ba0       _configthreadlocale        000000014000aba0 f   libucrtd:wsetlocale.obj
 0001:00009d00       _query_new_mode            000000014000ad00 f   libucrtd:new_mode.obj
 0001:00009d20       _set_new_mode              000000014000ad20 f   libucrtd:new_mode.obj
 0001:00009df0       __p__commode               000000014000adf0 f   libucrtd:ncommode.obj
 0001:0000a480       _crt_atexit                000000014000b480 f   libucrtd:onexit.obj
 0001:0000a4a0       _execute_onexit_table      000000014000b4a0 f   libucrtd:onexit.obj
 0001:0000a4e0       _initialize_onexit_table   000000014000b4e0 f   libucrtd:onexit.obj
 0001:0000a560       _register_onexit_function  000000014000b560 f   libucrtd:onexit.obj
 0001:0000a5f0       __acrt_uninitialize_command_line 000000014000b5f0 f   libucrtd:argv_data.obj
 0001:0000a850       __acrt_initialize          000000014000b850 f   libucrtd:initialization.obj
 0001:0000a880       __acrt_uninitialize        000000014000b880 f   libucrtd:initialization.obj
 0001:0000a8b0       terminate                  000000014000b8b0 f   libucrtd:terminate.obj
 0001:0000a8f0       ??0_LocaleUpdate@@QEAA@QEAU__crt_locale_pointers@@@Z 000000014000b8f0 f i libucrtd:debug_heap.obj
 0001:0000aa10       ??1_LocaleUpdate@@QEAA@XZ  000000014000ba10 f i libucrtd:debug_heap.obj
 0001:0000aa50       ?GetLocaleT@_LocaleUpdate@@QEAAPEAU__crt_locale_pointers@@XZ 000000014000ba50 f i libucrtd:debug_heap.obj
 0001:0000ca30       _CrtCheckMemory            000000014000da30 f   libucrtd:debug_heap.obj
 0001:0000cbc0       _CrtDumpMemoryLeaks        000000014000dbc0 f   libucrtd:debug_heap.obj
 0001:0000cc80       _CrtIsValidHeapPointer     000000014000dc80 f   libucrtd:debug_heap.obj
 0001:0000ccc0       _CrtIsValidPointer         000000014000dcc0 f   libucrtd:debug_heap.obj
 0001:0000cd00       _CrtMemCheckpoint          000000014000dd00 f   libucrtd:debug_heap.obj
 0001:0000cf80       _CrtMemDumpAllObjectsSince 000000014000df80 f   libucrtd:debug_heap.obj
 0001:0000cfe0       _CrtSetDbgFlag             000000014000dfe0 f   libucrtd:debug_heap.obj
 0001:0000d140       _CrtSetDumpClient          000000014000e140 f   libucrtd:debug_heap.obj
 0001:0000d170       __acrt_get_locale_data_prefix 000000014000e170 f i libucrtd:debug_heap.obj
 0001:0000d190       __acrt_locale_changed      000000014000e190 f i libucrtd:debug_heap.obj
 0001:0000d1c0       _calloc_dbg                000000014000e1c0 f   libucrtd:debug_heap.obj
 0001:0000d260       _chvalidchk_l              000000014000e260 f i libucrtd:debug_heap.obj
 0001:0000d290       _free_dbg                  000000014000e290 f   libucrtd:debug_heap.obj
 0001:0000d300       _invoke_watson_if_oneof    000000014000e300 f i libucrtd:debug_heap.obj
 0001:0000d360       _ischartype_l              000000014000e360 f i libucrtd:debug_heap.obj
 0001:0000d3f0       _malloc_dbg                000000014000e3f0 f   libucrtd:debug_heap.obj
 0001:0000d430       _msize_dbg                 000000014000e430 f   libucrtd:debug_heap.obj
 0001:0000d5d0       _realloc_dbg               000000014000e5d0 f   libucrtd:debug_heap.obj
 0001:0000d640       _recalloc_dbg              000000014000e640 f   libucrtd:debug_heap.obj
 0001:0000dc10       strcpy_s                   000000014000ec10 f   libucrtd:strcpy_s.obj
 0001:0000dc50       strcmp                     000000014000ec50 f   libucrtd:strcmp.obj
 0001:0000dcd0       strlen                     000000014000ecd0 f   libucrtd:strlen.obj
 0001:0000dd80       abort                      000000014000ed80 f   libucrtd:abort.obj
 0001:0000ebb0       ??$get_module_file_name@AEAPEAUHINSTANCE__@@AEAY0BAF@_WK@?$__crt_char_traits@_W@@SAKAEAPEAUHINSTANCE__@@AEAY0BAF@_W$$QEAK@Z 000000014000fbb0 f i libucrtd:dbgrpt.obj
 0001:0000ebf0       ??$tcscpy_s@AEAY0BAF@D_KPEBD@?$__crt_char_traits@D@@SAHAEAY0BAF@D$$QEA_K$$QEAPEBD@Z 000000014000fbf0 f i libucrtd:dbgrpt.obj
 0001:0000ec30       ??$tcscpy_s@AEAY0BAF@_W_KPEB_W@?$__crt_char_traits@_W@@SAHAEAY0BAF@_W$$QEA_K$$QEAPEB_W@Z 000000014000fc30 f i libucrtd:dbgrpt.obj
 0001:0000ec70       ??$tcslen@AEAY0BAF@D@?$__crt_char_traits@D@@SA_KAEAY0BAF@D@Z 000000014000fc70 f i libucrtd:dbgrpt.obj
 0001:0000ec90       ??$tcslen@AEAY0BAF@_W@?$__crt_char_traits@_W@@SA_KAEAY0BAF@_W@Z 000000014000fc90 f i libucrtd:dbgrpt.obj
 0001:0000ecb0       ??$tcslen@AEBQEBD@?$__crt_char_traits@D@@SA_KAEBQEBD@Z 000000014000fcb0 f i libucrtd:dbgrpt.obj
 0001:0000ecd0       ??$tcslen@AEBQEB_W@?$__crt_char_traits@_W@@SA_KAEBQEB_W@Z 000000014000fcd0 f i libucrtd:dbgrpt.obj
 0001:0000ed30       _CrtDbgReport              000000014000fd30 f   libucrtd:dbgrpt.obj
 0001:0000edb0       _CrtDbgReportW             000000014000fdb0 f   libucrtd:dbgrpt.obj
 0001:0000ee30       __acrt_MessageWindowA      000000014000fe30 f   libucrtd:dbgrpt.obj
 0001:0000ee80       __acrt_MessageWindowW      000000014000fe80 f   libucrtd:dbgrpt.obj
 0001:0000eed0       _snwprintf_s               000000014000fed0 f i libucrtd:dbgrpt.obj
 0001:0000ef40       _vsnwprintf_s_l            000000014000ff40 f i libucrtd:dbgrpt.obj
 0001:0000efc0       wcsncmp                    000000014000ffc0 f   libucrtd:wcsncmp.obj
 0001:0000f050       ??$?0AEBV?$string_output_adapter@D@__crt_stdio_output@@AEB_KAEBQEBDAEBQEAU__crt_locale_pointers@@AEBQEAD@?$format_validation_base@DV?$string_output_adapter@D@__crt_stdio_output@@@__crt_stdio_output@@IEAA@AEBV?$string_output_adapter@D@1@AEB_KAEBQEBDAEBQEAU__crt_locale_pointers@@AEBQEAD@Z 0000000140010050 f i libucrtd:output.obj
 0001:0000f0a0       ??$?0AEBV?$string_output_adapter@D@__crt_stdio_output@@AEB_KAEBQEBDAEBQEAU__crt_locale_pointers@@AEBQEAD@?$standard_base@DV?$string_output_adapter@D@__crt_stdio_output@@@__crt_stdio_output@@IEAA@AEBV?$string_output_adapter@D@1@AEB_KAEBQEBDAEBQEAU__crt_locale_pointers@@AEBQEAD@Z 00000001400100a0 f i libucrtd:output.obj
 0001:0000f110       ??$?0AEBV?$string_output_adapter@_W@__crt_stdio_output@@AEB_KAEBQEB_WAEBQEAU__crt_locale_pointers@@AEBQEAD@?$format_validation_base@_WV?$string_output_adapter@_W@__crt_stdio_output@@@__crt_stdio_output@@IEAA@AEBV?$string_output_adapter@_W@1@AEB_KAEBQEB_WAEBQEAU__crt_locale_pointers@@AEBQEAD@Z 0000000140010110 f i libucrtd:output.obj
 0001:0000f160       ??$?0AEBV?$string_output_adapter@_W@__crt_stdio_output@@AEB_KAEBQEB_WAEBQEAU__crt_locale_pointers@@AEBQEAD@?$standard_base@_WV?$string_output_adapter@_W@__crt_stdio_output@@@__crt_stdio_output@@IEAA@AEBV?$string_output_adapter@_W@1@AEB_KAEBQEB_WAEBQEAU__crt_locale_pointers@@AEBQEAD@Z 0000000140010160 f i libucrtd:output.obj
 0001:00010ae0       ??$count@D@formatting_buffer@__crt_stdio_output@@QEBA_KXZ 0000000140011ae0 f i libucrtd:output.obj
 0001:00010b30       ??$count@_W@formatting_buffer@__crt_stdio_output@@QEBA_KXZ 0000000140011b30 f i libucrtd:output.obj
 0001:00010b80       ??$data@D@formatting_buffer@__crt_stdio_output@@QEAAPEADXZ 0000000140011b80 f i libucrtd:output.obj
 0001:00010b80       ??$data@_W@formatting_buffer@__crt_stdio_output@@QEAAPEA_WXZ 0000000140011b80 f i libucrtd:output.obj
 0001:00010bd0       ??$ensure_buffer_is_big_enough@D@formatting_buffer@__crt_stdio_output@@QEAA_N_K@Z 0000000140011bd0 f i libucrtd:output.obj
 0001:00010d00       ??$ensure_buffer_is_big_enough@_W@formatting_buffer@__crt_stdio_output@@QEAA_N_K@Z 0000000140011d00 f i libucrtd:output.obj
 0001:00010e30       ??$extract_argument_from_va_list@C_J@?$standard_base@_WV?$string_output_adapter@_W@__crt_stdio_output@@@__crt_stdio_output@@IEAA_NAEA_J@Z 0000000140011e30 f i libucrtd:output.obj
 0001:00010e30       ??$extract_argument_from_va_list@C_J@?$standard_base@DV?$string_output_adapter@D@__crt_stdio_output@@@__crt_stdio_output@@IEAA_NAEA_J@Z 0000000140011e30 f i libucrtd:output.obj
 0001:00010e70       ??$extract_argument_from_va_list@E_J@?$standard_base@DV?$string_output_adapter@D@__crt_stdio_output@@@__crt_stdio_output@@IEAA_NAEA_J@Z 0000000140011e70 f i libucrtd:output.obj
 0001:00010e70       ??$extract_argument_from_va_list@E_J@?$standard_base@_WV?$string_output_adapter@_W@__crt_stdio_output@@@__crt_stdio_output@@IEAA_NAEA_J@Z 0000000140011e70 f i libucrtd:output.obj
 0001:00010eb0       ??$extract_argument_from_va_list@F_J@?$standard_base@_WV?$string_output_adapter@_W@__crt_stdio_output@@@__crt_stdio_output@@IEAA_NAEA_J@Z 0000000140011eb0 f i libucrtd:output.obj
 0001:00010eb0       ??$extract_argument_from_va_list@F_J@?$standard_base@DV?$string_output_adapter@D@__crt_stdio_output@@@__crt_stdio_output@@IEAA_NAEA_J@Z 0000000140011eb0 f i libucrtd:output.obj
 0001:00010ef0       ??$extract_argument_from_va_list@GD@?$standard_base@DV?$string_output_adapter@D@__crt_stdio_output@@@__crt_stdio_output@@IEAA_NAEAD@Z 0000000140011ef0 f i libucrtd:output.obj
 0001:00010f20       ??$extract_argument_from_va_list@G_J@?$standard_base@_WV?$string_output_adapter@_W@__crt_stdio_output@@@__crt_stdio_output@@IEAA_NAEA_J@Z 0000000140011f20 f i libucrtd:output.obj
 0001:00010f20       ??$extract_argument_from_va_list@G_J@?$standard_base@DV?$string_output_adapter@D@__crt_stdio_output@@@__crt_stdio_output@@IEAA_NAEA_J@Z 0000000140011f20 f i libucrtd:output.obj
 0001:00010f60       ??$extract_argument_from_va_list@H_J@?$standard_base@DV?$string_output_adapter@D@__crt_stdio_output@@@__crt_stdio_output@@IEAA_NAEA_J@Z 0000000140011f60 f i libucrtd:output.obj
 0001:00010f60       ??$extract_argument_from_va_list@H_J@?$standard_base@_WV?$string_output_adapter@_W@__crt_stdio_output@@@__crt_stdio_output@@IEAA_NAEA_J@Z 0000000140011f60 f i libucrtd:output.obj
 0001:00010f90       ??$extract_argument_from_va_list@I_J@?$standard_base@DV?$string_output_adapter@D@__crt_stdio_output@@@__crt_stdio_output@@IEAA_NAEA_J@Z 0000000140011f90 f i libucrtd:output.obj
 0001:00010f90       ??$extract_argument_from_va_list@I_J@?$standard_base@_WV?$string_output_adapter@_W@__crt_stdio_output@@@__crt_stdio_output@@IEAA_NAEA_J@Z 0000000140011f90 f i libucrtd:output.obj
 0001:00010fc0       ??$extract_argument_from_va_list@_J_J@?$standard_base@_WV?$string_output_adapter@_W@__crt_stdio_output@@@__crt_stdio_output@@IEAA_NAEA_J@Z 0000000140011fc0 f i libucrtd:output.obj
 0001:00010fc0       ??$extract_argument_from_va_list@_J_J@?$standard_base@DV?$string_output_adapter@D@__crt_stdio_output@@@__crt_stdio_output@@IEAA_NAEA_J@Z 0000000140011fc0 f i libucrtd:output.obj
 0001:00010fc0       ??$extract_argument_from_va_list@PEADPEAD@?$standard_base@DV?$string_output_adapter@D@__crt_stdio_output@@@__crt_stdio_output@@IEAA_NAEAPEAD@Z 0000000140011fc0 f i libucrtd:output.obj
 0001:00010fc0       ??$extract_argument_from_va_list@PEAXPEAX@?$standard_base@_WV?$string_output_adapter@_W@__crt_stdio_output@@@__crt_stdio_output@@IEAA_NAEAPEAX@Z 0000000140011fc0 f i libucrtd:output.obj
 0001:00010fc0       ??$extract_argument_from_va_list@_K_J@?$standard_base@_WV?$string_output_adapter@_W@__crt_stdio_output@@@__crt_stdio_output@@IEAA_NAEA_J@Z 0000000140011fc0 f i libucrtd:output.obj
 0001:00010fc0       ??$extract_argument_from_va_list@_K_J@?$standard_base@DV?$string_output_adapter@D@__crt_stdio_output@@@__crt_stdio_output@@IEAA_NAEA_J@Z 0000000140011fc0 f i libucrtd:output.obj
 0001:00010fc0       ??$extract_argument_from_va_list@PEAXPEAX@?$standard_base@DV?$string_output_adapter@D@__crt_stdio_output@@@__crt_stdio_output@@IEAA_NAEAPEAX@Z 0000000140011fc0 f i libucrtd:output.obj
 0001:00010fc0       ??$extract_argument_from_va_list@PEADPEAD@?$standard_base@_WV?$string_output_adapter@_W@__crt_stdio_output@@@__crt_stdio_output@@IEAA_NAEAPEAD@Z 0000000140011fc0 f i libucrtd:output.obj
 0001:00011020       ??$extract_argument_from_va_list@U_CRT_DOUBLE@@U1@@?$standard_base@_WV?$string_output_adapter@_W@__crt_stdio_output@@@__crt_stdio_output@@IEAA_NAEAU_CRT_DOUBLE@@@Z 0000000140012020 f i libucrtd:output.obj
 0001:00011020       ??$extract_argument_from_va_list@U_CRT_DOUBLE@@U1@@?$standard_base@DV?$string_output_adapter@D@__crt_stdio_output@@@__crt_stdio_output@@IEAA_NAEAU_CRT_DOUBLE@@@Z 0000000140012020 f i libucrtd:output.obj
 0001:00011070       ??$extract_argument_from_va_list@_W_W@?$standard_base@_WV?$string_output_adapter@_W@__crt_stdio_output@@@__crt_stdio_output@@IEAA_NAEA_W@Z 0000000140012070 f i libucrtd:output.obj
 0001:00011070       ??$extract_argument_from_va_list@_W_W@?$standard_base@DV?$string_output_adapter@D@__crt_stdio_output@@@__crt_stdio_output@@IEAA_NAEA_W@Z 0000000140012070 f i libucrtd:output.obj
 0001:000110a0       ??$is_wide_character_specifier@D@__crt_stdio_output@@YA_N_KDW4length_modifier@0@@Z 00000001400120a0 f i libucrtd:output.obj
 0001:00011140       ??$is_wide_character_specifier@_W@__crt_stdio_output@@YA_N_K_WW4length_modifier@0@@Z 0000000140012140 f i libucrtd:output.obj
 0001:00011210       ??$read_va_arg@C@__crt_stdio_output@@YACAEAPEAD@Z 0000000140012210 f i libucrtd:output.obj
 0001:00011210       ??$read_va_arg@E@__crt_stdio_output@@YAEAEAPEAD@Z 0000000140012210 f i libucrtd:output.obj
 0001:00011280       ??$read_va_arg@F@__crt_stdio_output@@YAFAEAPEAD@Z 0000000140012280 f i libucrtd:output.obj
 0001:00011280       ??$read_va_arg@_W@__crt_stdio_output@@YA_WAEAPEAD@Z 0000000140012280 f i libucrtd:output.obj
 0001:00011280       ??$read_va_arg@G@__crt_stdio_output@@YAGAEAPEAD@Z 0000000140012280 f i libucrtd:output.obj
 0001:000112f0       ??$read_va_arg@I@__crt_stdio_output@@YAIAEAPEAD@Z 00000001400122f0 f i libucrtd:output.obj
 0001:000112f0       ??$read_va_arg@H@__crt_stdio_output@@YAHAEAPEAD@Z 00000001400122f0 f i libucrtd:output.obj
 0001:00011350       ??$read_va_arg@PEAD@__crt_stdio_output@@YAPEADAEAPEAD@Z 0000000140012350 f i libucrtd:output.obj
 0001:00011350       ??$read_va_arg@PEAX@__crt_stdio_output@@YAPEAXAEAPEAD@Z 0000000140012350 f i libucrtd:output.obj
 0001:00011350       ??$read_va_arg@_J@__crt_stdio_output@@YA_JAEAPEAD@Z 0000000140012350 f i libucrtd:output.obj
 0001:00011350       ??$read_va_arg@U_CRT_DOUBLE@@@__crt_stdio_output@@YA?AU_CRT_DOUBLE@@AEAPEAD@Z 0000000140012350 f i libucrtd:output.obj
 0001:00011350       ??$read_va_arg@_K@__crt_stdio_output@@YA_KAEAPEAD@Z 0000000140012350 f i libucrtd:output.obj
 0001:00011430       ??$scratch_count@D@formatting_buffer@__crt_stdio_output@@QEBA_KXZ 0000000140012430 f i libucrtd:output.obj
 0001:00011450       ??$scratch_data@D@formatting_buffer@__crt_stdio_output@@QEAAPEADXZ 0000000140012450 f i libucrtd:output.obj
 0001:000114c0       ??$tcstol@PEBDPEAPEADH@?$__crt_char_traits@D@@SAJ$$QEAPEBD$$QEAPEAPEAD$$QEAH@Z 00000001400124c0 f i libucrtd:output.obj
 0001:00011500       ??$tcstol@PEB_WPEAPEA_WH@?$__crt_char_traits@_W@@SAJ$$QEAPEB_W$$QEAPEAPEA_W$$QEAH@Z 0000000140012500 f i libucrtd:output.obj
 0001:00011540       ??$type_case_integer_parse_into_buffer@I@?$output_processor@DV?$string_output_adapter@D@__crt_stdio_output@@V?$format_validation_base@DV?$string_output_adapter@D@__crt_stdio_output@@@2@@__crt_stdio_output@@AEAAXII_N@Z 0000000140012540 f i libucrtd:output.obj
 0001:00011670       ??$type_case_integer_parse_into_buffer@I@?$output_processor@_WV?$string_output_adapter@_W@__crt_stdio_output@@V?$format_validation_base@_WV?$string_output_adapter@_W@__crt_stdio_output@@@2@@__crt_stdio_output@@AEAAXII_N@Z 0000000140012670 f i libucrtd:output.obj
 0001:000117b0       ??$type_case_integer_parse_into_buffer@_K@?$output_processor@DV?$string_output_adapter@D@__crt_stdio_output@@V?$format_validation_base@DV?$string_output_adapter@D@__crt_stdio_output@@@2@@__crt_stdio_output@@AEAAX_KI_N@Z 00000001400127b0 f i libucrtd:output.obj
 0001:00011900       ??$type_case_integer_parse_into_buffer@_K@?$output_processor@_WV?$string_output_adapter@_W@__crt_stdio_output@@V?$format_validation_base@_WV?$string_output_adapter@_W@__crt_stdio_output@@@2@@__crt_stdio_output@@AEAAX_KI_N@Z 0000000140012900 f i libucrtd:output.obj
 0001:00011a60       ??$write_multiple_characters@V?$string_output_adapter@D@__crt_stdio_output@@D@__crt_stdio_output@@YAXAEBV?$string_output_adapter@D@0@DHQEAH@Z 0000000140012a60 f i libucrtd:output.obj
 0001:00011ac0       ??$write_multiple_characters@V?$string_output_adapter@_W@__crt_stdio_output@@D@__crt_stdio_output@@YAXAEBV?$string_output_adapter@_W@0@DHQEAH@Z 0000000140012ac0 f i libucrtd:output.obj
 0001:00011b20       ??0?$common_data@D@__crt_stdio_output@@IEAA@XZ 0000000140012b20 f i libucrtd:output.obj
 0001:00011bf0       ??0?$common_data@_W@__crt_stdio_output@@IEAA@XZ 0000000140012bf0 f i libucrtd:output.obj
 0001:00011cc0       ??0?$output_adapter_data@DV?$string_output_adapter@D@__crt_stdio_output@@@__crt_stdio_output@@IEAA@AEBV?$string_output_adapter@D@1@_KQEBDQEAU__crt_locale_pointers@@QEAD@Z 0000000140012cc0 f i libucrtd:output.obj
 0001:00011d40       ??0?$output_adapter_data@_WV?$string_output_adapter@_W@__crt_stdio_output@@@__crt_stdio_output@@IEAA@AEBV?$string_output_adapter@_W@1@_KQEB_WQEAU__crt_locale_pointers@@QEAD@Z 0000000140012d40 f i libucrtd:output.obj
 0001:00011dc0       ??0?$output_processor@DV?$string_output_adapter@D@__crt_stdio_output@@V?$format_validation_base@DV?$string_output_adapter@D@__crt_stdio_output@@@2@@__crt_stdio_output@@QEAA@AEBV?$string_output_adapter@D@1@_KQEBDQEAU__crt_locale_pointers@@QEAD@Z 0000000140012dc0 f i libucrtd:output.obj
 0001:00011e10       ??0?$output_processor@_WV?$string_output_adapter@_W@__crt_stdio_output@@V?$format_validation_base@_WV?$string_output_adapter@_W@__crt_stdio_output@@@2@@__crt_stdio_output@@QEAA@AEBV?$string_output_adapter@_W@1@_KQEB_WQEAU__crt_locale_pointers@@QEAD@Z 0000000140012e10 f i libucrtd:output.obj
 0001:00011e60       ??0__crt_deferred_errno_cache@@QEAA@XZ 0000000140012e60 f i libucrtd:output.obj
 0001:00011e80       ??0__crt_errno_guard@@QEAA@QEAH@Z 0000000140012e80 f i libucrtd:output.obj
 0001:00011ec0       ??0formatting_buffer@__crt_stdio_output@@QEAA@XZ 0000000140012ec0 f i libucrtd:output.obj
 0001:00011f00       ??1?$common_data@D@__crt_stdio_output@@QEAA@XZ 0000000140012f00 f i libucrtd:output.obj
 0001:00011f00       ??1?$common_data@_W@__crt_stdio_output@@QEAA@XZ 0000000140012f00 f i libucrtd:output.obj
 0001:00011f20       ??1?$format_validation_base@DV?$string_output_adapter@D@__crt_stdio_output@@@__crt_stdio_output@@QEAA@XZ 0000000140012f20 f i libucrtd:output.obj
 0001:00011f20       ??1?$format_validation_base@_WV?$string_output_adapter@_W@__crt_stdio_output@@@__crt_stdio_output@@QEAA@XZ 0000000140012f20 f i libucrtd:output.obj
 0001:00011f40       ??1?$output_adapter_data@_WV?$string_output_adapter@_W@__crt_stdio_output@@@__crt_stdio_output@@QEAA@XZ 0000000140012f40 f i libucrtd:output.obj
 0001:00011f40       ??1?$output_adapter_data@DV?$string_output_adapter@D@__crt_stdio_output@@@__crt_stdio_output@@QEAA@XZ 0000000140012f40 f i libucrtd:output.obj
 0001:00011f60       ??1?$output_processor@DV?$string_output_adapter@D@__crt_stdio_output@@V?$format_validation_base@DV?$string_output_adapter@D@__crt_stdio_output@@@2@@__crt_stdio_output@@QEAA@XZ 0000000140012f60 f i libucrtd:output.obj
 0001:00011f60       ??1?$output_processor@_WV?$string_output_adapter@_W@__crt_stdio_output@@V?$format_validation_base@_WV?$string_output_adapter@_W@__crt_stdio_output@@@2@@__crt_stdio_output@@QEAA@XZ 0000000140012f60 f i libucrtd:output.obj
 0001:00011f80       ??1?$standard_base@DV?$string_output_adapter@D@__crt_stdio_output@@@__crt_stdio_output@@QEAA@XZ 0000000140012f80 f i libucrtd:output.obj
 0001:00011f80       ??1?$standard_base@_WV?$string_output_adapter@_W@__crt_stdio_output@@@__crt_stdio_output@@QEAA@XZ 0000000140012f80 f i libucrtd:output.obj
 0001:00011fa0       ??1__crt_errno_guard@@QEAA@XZ 0000000140012fa0 f i libucrtd:output.obj
 0001:00011fd0       ??1formatting_buffer@__crt_stdio_output@@QEAA@XZ 0000000140012fd0 f i libucrtd:output.obj
 0001:00012000       ??4?$__crt_unique_heap_ptr@DU__crt_internal_free_policy@@@@QEAAAEAV0@$$QEAV0@@Z 0000000140013000 f i libucrtd:output.obj
 0001:00012040       ?adjust_hexit@?$output_processor@_WV?$string_output_adapter@_W@__crt_stdio_output@@V?$format_validation_base@_WV?$string_output_adapter@_W@__crt_stdio_output@@@2@@__crt_stdio_output@@CADH_N@Z 0000000140013040 f i libucrtd:output.obj
 0001:00012040       ?adjust_hexit@?$output_processor@DV?$string_output_adapter@D@__crt_stdio_output@@V?$format_validation_base@DV?$string_output_adapter@D@__crt_stdio_output@@@2@@__crt_stdio_output@@CADH_N@Z 0000000140013040 f i libucrtd:output.obj
 0001:00012090       ?advance_to_next_pass@?$standard_base@DV?$string_output_adapter@D@__crt_stdio_output@@@__crt_stdio_output@@IEAA_NXZ 0000000140013090 f i libucrtd:output.obj
 0001:00012090       ?advance_to_next_pass@?$standard_base@_WV?$string_output_adapter@_W@__crt_stdio_output@@@__crt_stdio_output@@IEAA_NXZ 0000000140013090 f i libucrtd:output.obj
 0001:000120e0       ?crop_zeroes@__crt_stdio_output@@YAXPEADQEAU__crt_locale_pointers@@@Z 00000001400130e0 f i libucrtd:output.obj
 0001:00012220       ?find_next_state@?$output_processor@DV?$string_output_adapter@D@__crt_stdio_output@@V?$format_validation_base@DV?$string_output_adapter@D@__crt_stdio_output@@@2@@__crt_stdio_output@@AEBA?AW4state@2@DW432@@Z 0000000140013220 f i libucrtd:output.obj
 0001:000122c0       ?find_next_state@?$output_processor@_WV?$string_output_adapter@_W@__crt_stdio_output@@V?$format_validation_base@_WV?$string_output_adapter@_W@__crt_stdio_output@@@2@@__crt_stdio_output@@AEBA?AW4state@2@_WW432@@Z 00000001400132c0 f i libucrtd:output.obj
 0001:00012360       ?force_decimal_point@__crt_stdio_output@@YAXPEADQEAU__crt_locale_pointers@@@Z 0000000140013360 f i libucrtd:output.obj
 0001:00012460       ?get@__crt_deferred_errno_cache@@QEAAAEAHXZ 0000000140013460 f i libucrtd:output.obj
 0001:00012490       ?get_flags@__crt_stdio_stream@@QEBAJXZ 0000000140013490 f i libucrtd:output.obj
 0001:000124c0       ?has_flag@?$output_processor@_WV?$string_output_adapter@_W@__crt_stdio_output@@V?$format_validation_base@_WV?$string_output_adapter@_W@__crt_stdio_output@@@2@@__crt_stdio_output@@AEBA_NI@Z 00000001400134c0 f i libucrtd:output.obj
 0001:000124c0       ?has_flag@?$output_processor@DV?$string_output_adapter@D@__crt_stdio_output@@V?$format_validation_base@DV?$string_output_adapter@D@__crt_stdio_output@@@2@@__crt_stdio_output@@AEBA_NI@Z 00000001400134c0 f i libucrtd:output.obj
 0001:00012500       ?is_string_backed@__crt_stdio_stream@@QEBA_NXZ 0000000140013500 f i libucrtd:output.obj
 0001:00012540       ?narrow_null_string@?$output_processor@_WV?$string_output_adapter@_W@__crt_stdio_output@@V?$format_validation_base@_WV?$string_output_adapter@_W@__crt_stdio_output@@@2@@__crt_stdio_output@@CAPEADXZ 0000000140013540 f i libucrtd:output.obj
 0001:00012540       ?narrow_null_string@?$output_processor@DV?$string_output_adapter@D@__crt_stdio_output@@V?$format_validation_base@DV?$string_output_adapter@D@__crt_stdio_output@@@2@@__crt_stdio_output@@CAPEADXZ 0000000140013540 f i libucrtd:output.obj
 0001:00012550       ?parse_int_from_format_string@?$output_processor@DV?$string_output_adapter@D@__crt_stdio_output@@V?$format_validation_base@DV?$string_output_adapter@D@__crt_stdio_output@@@2@@__crt_stdio_output@@AEAA_NQEAH@Z 0000000140013550 f i libucrtd:output.obj
 0001:00012640       ?parse_int_from_format_string@?$output_processor@_WV?$string_output_adapter@_W@__crt_stdio_output@@V?$format_validation_base@_WV?$string_output_adapter@_W@__crt_stdio_output@@@2@@__crt_stdio_output@@AEAA_NQEAH@Z 0000000140013640 f i libucrtd:output.obj
 0001:00012730       ?process@?$output_processor@DV?$string_output_adapter@D@__crt_stdio_output@@V?$format_validation_base@DV?$string_output_adapter@D@__crt_stdio_output@@@2@@__crt_stdio_output@@QEAAHXZ 0000000140013730 f i libucrtd:output.obj
 0001:00012a90       ?process@?$output_processor@_WV?$string_output_adapter@_W@__crt_stdio_output@@V?$format_validation_base@_WV?$string_output_adapter@_W@__crt_stdio_output@@@2@@__crt_stdio_output@@QEAAHXZ 0000000140013a90 f i libucrtd:output.obj
 0001:00012df0       ?set_flag@?$output_processor@_WV?$string_output_adapter@_W@__crt_stdio_output@@V?$format_validation_base@_WV?$string_output_adapter@_W@__crt_stdio_output@@@2@@__crt_stdio_output@@AEAAXI@Z 0000000140013df0 f i libucrtd:output.obj
 0001:00012df0       ?set_flag@?$output_processor@DV?$string_output_adapter@D@__crt_stdio_output@@V?$format_validation_base@DV?$string_output_adapter@D@__crt_stdio_output@@@2@@__crt_stdio_output@@AEAAXI@Z 0000000140013df0 f i libucrtd:output.obj
 0001:00012e10       ?should_format@?$standard_base@DV?$string_output_adapter@D@__crt_stdio_output@@@__crt_stdio_output@@IEAA_NXZ 0000000140013e10 f i libucrtd:output.obj
 0001:00012e10       ?validate_state_for_type_case_a@?$standard_base@DV?$string_output_adapter@D@__crt_stdio_output@@@__crt_stdio_output@@IEBA_NXZ 0000000140013e10 f i libucrtd:output.obj
 0001:00012e10       ?validate_and_update_state_at_beginning_of_format_character@?$standard_base@DV?$string_output_adapter@D@__crt_stdio_output@@@__crt_stdio_output@@IEAA_NXZ 0000000140013e10 f i libucrtd:output.obj
 0001:00012e10       ?validate_state_for_type_case_a@?$standard_base@_WV?$string_output_adapter@_W@__crt_stdio_output@@@__crt_stdio_output@@IEBA_NXZ 0000000140013e10 f i libucrtd:output.obj
 0001:00012e10       ?validate_and_update_state_at_beginning_of_format_character@?$standard_base@_WV?$string_output_adapter@_W@__crt_stdio_output@@@__crt_stdio_output@@IEAA_NXZ 0000000140013e10 f i libucrtd:output.obj
 0001:00012e10       ?should_format@?$standard_base@_WV?$string_output_adapter@_W@__crt_stdio_output@@@__crt_stdio_output@@IEAA_NXZ 0000000140013e10 f i libucrtd:output.obj
 0001:00012e20       ?should_skip_normal_state_processing@?$standard_base@_WV?$string_output_adapter@_W@__crt_stdio_output@@@__crt_stdio_output@@IEAA_NXZ 0000000140013e20 f i libucrtd:output.obj
 0001:00012e20       ?should_skip_type_state_output@?$standard_base@_WV?$string_output_adapter@_W@__crt_stdio_output@@@__crt_stdio_output@@IEBA_NXZ 0000000140013e20 f i libucrtd:output.obj
 0001:00012e20       ?should_skip_normal_state_processing@?$standard_base@DV?$string_output_adapter@D@__crt_stdio_output@@@__crt_stdio_output@@IEAA_NXZ 0000000140013e20 f i libucrtd:output.obj
 0001:00012e20       ?should_skip_type_state_output@?$standard_base@DV?$string_output_adapter@D@__crt_stdio_output@@@__crt_stdio_output@@IEBA_NXZ 0000000140013e20 f i libucrtd:output.obj
 0001:00012e30       ?state_case_dot@?$output_processor@_WV?$string_output_adapter@_W@__crt_stdio_output@@V?$format_validation_base@_WV?$string_output_adapter@_W@__crt_stdio_output@@@2@@__crt_stdio_output@@AEAA_NXZ 0000000140013e30 f i libucrtd:output.obj
 0001:00012e30       ?state_case_dot@?$output_processor@DV?$string_output_adapter@D@__crt_stdio_output@@V?$format_validation_base@DV?$string_output_adapter@D@__crt_stdio_output@@@2@@__crt_stdio_output@@AEAA_NXZ 0000000140013e30 f i libucrtd:output.obj
 0001:00012e50       ?state_case_flag@?$output_processor@DV?$string_output_adapter@D@__crt_stdio_output@@V?$format_validation_base@DV?$string_output_adapter@D@__crt_stdio_output@@@2@@__crt_stdio_output@@AEAA_NXZ 0000000140013e50 f i libucrtd:output.obj
 0001:00012ef0       ?state_case_flag@?$output_processor@_WV?$string_output_adapter@_W@__crt_stdio_output@@V?$format_validation_base@_WV?$string_output_adapter@_W@__crt_stdio_output@@@2@@__crt_stdio_output@@AEAA_NXZ 0000000140013ef0 f i libucrtd:output.obj
 0001:00012f90       ?state_case_normal@?$output_processor@DV?$string_output_adapter@D@__crt_stdio_output@@V?$format_validation_base@DV?$string_output_adapter@D@__crt_stdio_output@@@2@@__crt_stdio_output@@AEAA_NXZ 0000000140013f90 f i libucrtd:output.obj
 0001:00013070       ?state_case_normal@?$output_processor@_WV?$string_output_adapter@_W@__crt_stdio_output@@V?$format_validation_base@_WV?$string_output_adapter@_W@__crt_stdio_output@@@2@@__crt_stdio_output@@AEAA_NXZ 0000000140014070 f i libucrtd:output.obj
 0001:00013150       ?state_case_normal_common@?$output_processor@DV?$string_output_adapter@D@__crt_stdio_output@@V?$format_validation_base@DV?$string_output_adapter@D@__crt_stdio_output@@@2@@__crt_stdio_output@@AEAA_NXZ 0000000140014150 f i libucrtd:output.obj
 0001:000131a0       ?state_case_normal_common@?$output_processor@_WV?$string_output_adapter@_W@__crt_stdio_output@@V?$format_validation_base@_WV?$string_output_adapter@_W@__crt_stdio_output@@@2@@__crt_stdio_output@@AEAA_NXZ 00000001400141a0 f i libucrtd:output.obj
 0001:000131f0       ?state_case_normal_tchar@?$output_processor@DV?$string_output_adapter@D@__crt_stdio_output@@V?$format_validation_base@DV?$string_output_adapter@D@__crt_stdio_output@@@2@@__crt_stdio_output@@AEAA_ND@Z 00000001400141f0 f i libucrtd:output.obj
 0001:00013330       ?state_case_normal_tchar@?$output_processor@_WV?$string_output_adapter@_W@__crt_stdio_output@@V?$format_validation_base@_WV?$string_output_adapter@_W@__crt_stdio_output@@@2@@__crt_stdio_output@@AEAA_N_W@Z 0000000140014330 f i libucrtd:output.obj
 0001:00013350       ?state_case_percent@?$output_processor@DV?$string_output_adapter@D@__crt_stdio_output@@V?$format_validation_base@DV?$string_output_adapter@D@__crt_stdio_output@@@2@@__crt_stdio_output@@AEAA_NXZ 0000000140014350 f i libucrtd:output.obj
 0001:00013350       ?state_case_percent@?$output_processor@_WV?$string_output_adapter@_W@__crt_stdio_output@@V?$format_validation_base@_WV?$string_output_adapter@_W@__crt_stdio_output@@@2@@__crt_stdio_output@@AEAA_NXZ 0000000140014350 f i libucrtd:output.obj
 0001:000133a0       ?state_case_precision@?$output_processor@DV?$string_output_adapter@D@__crt_stdio_output@@V?$format_validation_base@DV?$string_output_adapter@D@__crt_stdio_output@@@2@@__crt_stdio_output@@AEAA_NXZ 00000001400143a0 f i libucrtd:output.obj
 0001:00013420       ?state_case_precision@?$output_processor@_WV?$string_output_adapter@_W@__crt_stdio_output@@V?$format_validation_base@_WV?$string_output_adapter@_W@__crt_stdio_output@@@2@@__crt_stdio_output@@AEAA_NXZ 0000000140014420 f i libucrtd:output.obj
 0001:000134a0       ?state_case_size@?$output_processor@DV?$string_output_adapter@D@__crt_stdio_output@@V?$format_validation_base@DV?$string_output_adapter@D@__crt_stdio_output@@@2@@__crt_stdio_output@@AEAA_NXZ 00000001400144a0 f i libucrtd:output.obj
 0001:00013920       ?state_case_size@?$output_processor@_WV?$string_output_adapter@_W@__crt_stdio_output@@V?$format_validation_base@_WV?$string_output_adapter@_W@__crt_stdio_output@@@2@@__crt_stdio_output@@AEAA_NXZ 0000000140014920 f i libucrtd:output.obj
 0001:00013da0       ?state_case_type@?$output_processor@DV?$string_output_adapter@D@__crt_stdio_output@@V?$format_validation_base@DV?$string_output_adapter@D@__crt_stdio_output@@@2@@__crt_stdio_output@@AEAA_NXZ 0000000140014da0 f i libucrtd:output.obj
 0001:00014240       ?state_case_type@?$output_processor@_WV?$string_output_adapter@_W@__crt_stdio_output@@V?$format_validation_base@_WV?$string_output_adapter@_W@__crt_stdio_output@@@2@@__crt_stdio_output@@AEAA_NXZ 0000000140015240 f i libucrtd:output.obj
 0001:000147a0       ?state_case_width@?$output_processor@DV?$string_output_adapter@D@__crt_stdio_output@@V?$format_validation_base@DV?$string_output_adapter@D@__crt_stdio_output@@@2@@__crt_stdio_output@@AEAA_NXZ 00000001400157a0 f i libucrtd:output.obj
[...]
 0004:0000264c       $pdata$wcstombs_s          000000014005164c     libucrtd:wcstombs.obj
 0004:00002658       $pdata$_wcstombs_s_l       0000000140051658     libucrtd:wcstombs.obj
 0004:00002664       $pdata$?wcsncnt@@YA_KPEB_W_K@Z 0000000140051664     libucrtd:wcstombs.obj
 0004:00002670       $pdata$?_wcstombs_l_helper@@YA_KPEADPEB_W_KPEAU__crt_locale_pointers@@@Z 0000000140051670     libucrtd:wcstombs.obj
 0004:0000267c       $pdata$?dtor$0@?0??_wcstombs_l_helper@@YA_KPEADPEB_W_KPEAU__crt_locale_pointers@@@Z@4HA 000000014005167c     libucrtd:wcstombs.obj
 0004:00002688       $pdata$strcat_s            0000000140051688     libucrtd:strcat_s.obj
 0004:00002694       $pdata$??$common_tcscat_s@D@@YAHQEAD_KQEBD@Z 0000000140051694     libucrtd:strcat_s.obj
 0004:000026a0       $pdata$_isleadbyte_l       00000001400516a0     libucrtd:_wctype.obj
 0004:000026ac       $pdata$?__mbrtowc_utf8@__crt_mbstring@@YA_KPEA_WPEBD_KPEAU_Mbstatet@@@Z 00000001400516ac     libucrtd:mbrtowc.obj
 0004:000026b8       $pdata$?__mbsrtowcs_utf8@__crt_mbstring@@YA_KPEA_WPEAPEBD_KPEAU_Mbstatet@@@Z 00000001400516b8     libucrtd:mbrtowc.obj
 0004:000026c4       $pdata$c32rtomb            00000001400516c4     libucrtd:c32rtomb.obj
 0004:000026d0       $pdata$?__c32rtomb_utf8@__crt_mbstring@@YA_KPEAD_UPEAU_Mbstatet@@@Z 00000001400516d0     libucrtd:c32rtomb.obj
 0004:000026dc       $pdata$?return_illegal_sequence@__crt_mbstring@@YA_KPEAU_Mbstatet@@@Z 00000001400516dc     libucrtd:c32rtomb.obj
 0004:000026e8       $pdata$?reset_and_return@__crt_mbstring@@YA_K_KPEAU_Mbstatet@@@Z 00000001400516e8     libucrtd:c32rtomb.obj
 0004:000026f4       $pdata$__acrt_fp_strflt_to_string 00000001400516f4     libucrtd:_fptostr.obj
 0004:00002700       $pdata$__acrt_fltout       0000000140051700     libucrtd:cfout.obj
 0004:0000270c       $pdata$??0big_integer@__crt_strtox@@QEAA@XZ 000000014005170c     libucrtd:cfout.obj
 0004:00002718       $pdata$??0big_integer@__crt_strtox@@QEAA@AEBU01@@Z 0000000140051718     libucrtd:cfout.obj
 0004:00002718       $pdata$??4big_integer@__crt_strtox@@QEAAAEAU01@AEBU01@@Z 0000000140051718     libucrtd:cfout.obj
 0004:00002724       $pdata$??8__crt_strtox@@YA_NAEBUbig_integer@0@0@Z 0000000140051724     libucrtd:cfout.obj
 0004:00002730       $pdata$??9__crt_strtox@@YA_NAEBUbig_integer@0@0@Z 0000000140051730     libucrtd:cfout.obj
 0004:0000273c       $pdata$?make_big_integer@__crt_strtox@@YA?AUbig_integer@1@_K@Z 000000014005173c     libucrtd:cfout.obj
 0004:00002748       $pdata$?make_big_integer_power_of_two@__crt_strtox@@YA?AUbig_integer@1@I@Z 0000000140051748     libucrtd:cfout.obj
 0004:00002754       $pdata$?is_zero@__crt_strtox@@YA_NAEBUbig_integer@1@@Z 0000000140051754     libucrtd:cfout.obj
 0004:00002760       $pdata$?bit_scan_reverse@__crt_strtox@@YAII@Z 0000000140051760     libucrtd:cfout.obj
 0004:0000276c       $pdata$?shift_left@__crt_strtox@@YA_NAEAUbig_integer@1@I@Z 000000014005176c     libucrtd:cfout.obj
 0004:00002778       $pdata$?add_carry@__crt_strtox@@YAIAEAIII@Z 0000000140051778     libucrtd:cfout.obj
 0004:00002784       $pdata$?add_multiply_carry@__crt_strtox@@YAIAEAIIII@Z 0000000140051784     libucrtd:cfout.obj
 0004:00002790       $pdata$?multiply_core@__crt_strtox@@YAIQEAIII@Z 0000000140051790     libucrtd:cfout.obj
 0004:0000279c       $pdata$?multiply@__crt_strtox@@YA_NAEAUbig_integer@1@I@Z 000000014005179c     libucrtd:cfout.obj
 0004:000027a8       $pdata$?multiply@__crt_strtox@@YA_NAEAUbig_integer@1@AEBU21@@Z 00000001400517a8     libucrtd:cfout.obj
 0004:000027b4       $pdata$?multiply_by_power_of_ten@__crt_strtox@@YA_NAEAUbig_integer@1@I@Z 00000001400517b4     libucrtd:cfout.obj
 0004:000027c0       $pdata$?count_sequential_high_zeroes@__crt_strtox@@YAII@Z 00000001400517c0     libucrtd:cfout.obj
 0004:000027cc       $pdata$?divide@__crt_strtox@@YA_KAEAUbig_integer@1@AEBU21@@Z 00000001400517cc     libucrtd:cfout.obj
 0004:000027d8       $pdata$??0scoped_fp_state_reset@?A0x71ca7cfb@@QEAA@XZ 00000001400517d8     libucrtd:cfout.obj
 0004:000027e4       $pdata$??1scoped_fp_state_reset@?A0x71ca7cfb@@QEAA@XZ 00000001400517e4     libucrtd:cfout.obj
 0004:000027f0       $pdata$??$convert_to_fos_high_precision@N@@YAXNIQEAHQEAD_K@Z 00000001400517f0     libucrtd:cfout.obj
 0004:000027fc       $pdata$_fcloseall          00000001400517fc     libucrtd:closeall.obj
 0004:00002808       $pdata$_fcloseall$fin$0    0000000140051808     libucrtd:closeall.obj
 0004:00002814       $pdata$?is_in_use@__crt_stdio_stream@@QEBA_NXZ 0000000140051814     libucrtd:closeall.obj
 0004:00002820       $pdata$?has_crt_buffer@__crt_stdio_stream@@QEBA_NXZ 0000000140051820     libucrtd:_freebuf.obj
 0004:0000282c       $pdata$__acrt_stdio_free_buffer_nolock 000000014005182c     libucrtd:_freebuf.obj
 0004:00002838       $pdata$__acrt_GetStringTypeW 0000000140051838     libucrtd:getstringtypew.obj
 0004:00002844       $pdata$__strncnt           0000000140051844     libucrtd:strncnt.obj
 0004:00002850       $pdata$_commit             0000000140051850     libucrtd:commit.obj
 0004:0000285c       $pdata$??R<lambda_5533cddd4bda0037814beee657757329>@@QEBAHXZ 000000014005185c     libucrtd:commit.obj
 0004:00002868       $pdata$??$__acrt_lowio_lock_fh_and_call@V<lambda_5533cddd4bda0037814beee657757329>@@@@YAHH$$QEAV<lambda_5533cddd4bda0037814beee657757329>@@@Z 0000000140051868     libucrtd:commit.obj
 0004:00002874       $pdata$??R<lambda_4e3dbe6921bc0b5a1a6bc6573fdc859e>@@QEBAXXZ 0000000140051874     libucrtd:commit.obj
 0004:00002874       $pdata$??R<lambda_53fc7fc888e23d815d7080162c0aeeb2>@@QEBAXXZ 0000000140051874     libucrtd:close.obj
 0004:00002880       $pdata$??R<lambda_8ddc48ad9d26c778cb15812d1d88fc8a>@@QEBAXXZ 0000000140051880     libucrtd:close.obj
 0004:00002880       $pdata$??R<lambda_47cffbaa968af5c721c38a4a6f8da44d>@@QEBAXXZ 0000000140051880     libucrtd:commit.obj
 0004:0000288c       $pdata$??$?RV<lambda_4e3dbe6921bc0b5a1a6bc6573fdc859e>@@AEAV<lambda_5533cddd4bda0037814beee657757329>@@V<lambda_47cffbaa968af5c721c38a4a6f8da44d>@@@?$__crt_seh_guarded_call@H@@QEAAH$$QEAV<lambda_4e3dbe6921bc0b5a1a6bc6573fdc859e>@@AEAV<lambda_5533cddd4bda0037814beee657757329>@@$$QEAV<lambda_47cffbaa968af5c721c38a4a6f8da44d>@@@Z 000000014005188c     libucrtd:commit.obj
 0004:00002898       $pdata$?fin$0@?0???$?RV<lambda_53fc7fc888e23d815d7080162c0aeeb2>@@AEAV<lambda_4e7105787b7b0e0227fbf2b2d883fa65>@@V<lambda_8ddc48ad9d26c778cb15812d1d88fc8a>@@@?$__crt_seh_guarded_call@H@@QEAAH$$QEAV<lambda_53fc7fc888e23d815d7080162c0aeeb2>@@AEAV<lambda_4e7105787b7b0e0227fbf2b2d883fa65>@@$$QEAV<lambda_8ddc48ad9d26c778cb15812d1d88fc8a>@@@Z@4HA 0000000140051898     libucrtd:close.obj
 0004:00002898       $pdata$?fin$0@?0???$?RV<lambda_4e3dbe6921bc0b5a1a6bc6573fdc859e>@@AEAV<lambda_5533cddd4bda0037814beee657757329>@@V<lambda_47cffbaa968af5c721c38a4a6f8da44d>@@@?$__crt_seh_guarded_call@H@@QEAAH$$QEAV<lambda_4e3dbe6921bc0b5a1a6bc6573fdc859e>@@AEAV<lambda_5533cddd4bda0037814beee657757329>@@$$QEAV<lambda_47cffbaa968af5c721c38a4a6f8da44d>@@@Z@4HA 0000000140051898     libucrtd:commit.obj
 0004:000028a4       $pdata$_write              00000001400518a4     libucrtd:write.obj
 0004:000028b0       $pdata$_write$fin$0        00000001400518b0     libucrtd:write.obj
 0004:000028bc       $pdata$_write_nolock       00000001400518bc     libucrtd:write.obj
 0004:000028c8       $pdata$?write_requires_double_translation_nolock@@YA_NH@Z 00000001400518c8     libucrtd:write.obj
 0004:000028d4       $pdata$?write_double_translated_ansi_nolock@@YA?AUwrite_result@?A0x17268360@@HQEBDI@Z 00000001400518d4     libucrtd:write.obj
 0004:000028e0       $pdata$?write_double_translated_unicode_nolock@@YA?AUwrite_result@?A0x17268360@@QEBDI@Z 00000001400518e0     libucrtd:write.obj
 0004:000028ec       $pdata$?write_text_ansi_nolock@@YA?AUwrite_result@?A0x17268360@@HQEBDI@Z 00000001400518ec     libucrtd:write.obj
 0004:000028f8       $pdata$?write_text_utf16le_nolock@@YA?AUwrite_result@?A0x17268360@@HQEBDI@Z 00000001400518f8     libucrtd:write.obj
 0004:00002904       $pdata$?write_text_utf8_nolock@@YA?AUwrite_result@?A0x17268360@@HQEBDI@Z 0000000140051904     libucrtd:write.obj
 0004:00002910       $pdata$?write_binary_nolock@@YA?AUwrite_result@?A0x17268360@@HQEBDI@Z 0000000140051910     libucrtd:write.obj
 0004:0000291c       $pdata$?__wcsrtombs_utf8@__crt_mbstring@@YA_KPEADPEAPEB_W_KPEAU_Mbstatet@@@Z 000000014005191c     libucrtd:wcrtomb.obj
 0004:00002928       $pdata$?__mbrtoc32_utf8@__crt_mbstring@@YA_KPEA_UPEBD_KPEAU_Mbstatet@@@Z 0000000140051928     libucrtd:mbrtoc32.obj
 0004:00002940       $pdata$ceil                0000000140051940     libucrtd:ceil.obj
 0004:0000294c       $pdata$fegetenv            000000014005194c     libucrtd:fegetenv.obj
 0004:00002958       $pdata$fesetenv            0000000140051958     libucrtd:fesetenv.obj
 0004:00002964       $pdata$feholdexcept        0000000140051964     libucrtd:feholdexcept.obj
 0004:00002970       $pdata$_lseeki64_nolock    0000000140051970     libucrtd:lseek.obj
 0004:0000297c       $pdata$?common_lseek_do_seek_nolock@@YA_JQEAX_JH@Z 000000014005197c     libucrtd:lseek.obj
 0004:00002988       $pdata$??$common_lseek_nolock@_J@@YA_JH_JH@Z 0000000140051988     libucrtd:lseek.obj
 0004:00002994       $pdata$fclose              0000000140051994     libucrtd:fclose.obj
 0004:000029a0       $pdata$fclose$fin$0        00000001400519a0     libucrtd:fclose.obj
 0004:000029ac       $pdata$_fclose_nolock      00000001400519ac     libucrtd:fclose.obj
 0004:000029b8       $pdata$_putwch_nolock      00000001400519b8     libucrtd:putwch.obj
 0004:000029c4       $pdata$?__c16rtomb_utf8@__crt_mbstring@@YA_KPEAD_SPEAU_Mbstatet@@@Z 00000001400519c4     libucrtd:c16rtomb.obj
 0004:000029d0       $pdata$?store_first_surrogate@?A0xc60ee810@@YAX_SPEAU_Mbstatet@@@Z 00000001400519d0     libucrtd:c16rtomb.obj
 0004:000029dc       $pdata$?has_surrogate@?A0xc60ee810@@YA_NPEAU_Mbstatet@@@Z 00000001400519dc     libucrtd:c16rtomb.obj
 0004:000029e8       $pdata$?is_first_surrogate@?A0xc60ee810@@YA_N_S@Z 00000001400519e8     libucrtd:c16rtomb.obj
 0004:000029f4       $pdata$?is_second_surrogate@?A0xc60ee810@@YA_N_S@Z 00000001400519f4     libucrtd:c16rtomb.obj
 0004:00002a00       $pdata$__acrt_initialize_fma3 0000000140051a00     libucrtd:fma3_available.obj
 0004:00002a0c       $pdata$_log_special_common 0000000140051a0c     libucrtd:log_special.obj
 0004:00002a18       $pdata$_log10_special      0000000140051a18     libucrtd:log_special.obj
 0004:00002a24       $pdata$_call_matherr       0000000140051a24     libucrtd:libm_error.obj
 0004:00002a30       $pdata$_exception_enabled  0000000140051a30     libucrtd:libm_error.obj
 0004:00002a3c       $pdata$_handle_nan         0000000140051a3c     libucrtd:libm_error.obj
 0004:00002a48       $pdata$_handle_error       0000000140051a48     libucrtd:libm_error.obj
 0004:00002a54       $pdata$??$__acrt_fenv_shift_bits@W4__acrt_fenv_abstract_status@@@@YA?AW4__acrt_fenv_abstract_status@@W40@0I@Z 0000000140051a54     libucrtd:_fenvutils.obj
 0004:00002a54       $pdata$??$__acrt_fenv_shift_bits@W4__acrt_fenv_abstract_control@@@@YA?AW4__acrt_fenv_abstract_control@@W40@0I@Z 0000000140051a54     libucrtd:_fenvutils.obj
 0004:00002a60       $pdata$??$__acrt_fenv_unshift_bits@W4__acrt_fenv_abstract_control@@@@YA?AW4__acrt_fenv_abstract_control@@W40@0I@Z 0000000140051a60     libucrtd:_fenvutils.obj
 0004:00002a60       $pdata$??$__acrt_fenv_unshift_bits@W4__acrt_fenv_abstract_status@@@@YA?AW4__acrt_fenv_abstract_status@@W40@0I@Z 0000000140051a60     libucrtd:_fenvutils.obj
 0004:00002a6c       $pdata$?__acrt_fenv_shift_abstract_sse_status@@YA?AW4__acrt_fenv_abstract_status@@W41@@Z 0000000140051a6c     libucrtd:_fenvutils.obj
 0004:00002a78       $pdata$?__acrt_fenv_unshift_abstract_sse_status@@YA?AW4__acrt_fenv_abstract_status@@W41@@Z 0000000140051a78     libucrtd:_fenvutils.obj
 0004:00002a84       $pdata$?__acrt_fenv_shift_abstract_sse_control@@YA?AW4__acrt_fenv_abstract_control@@W41@@Z 0000000140051a84     libucrtd:_fenvutils.obj
 0004:00002a90       $pdata$?__acrt_fenv_unshift_abstract_sse_control@@YA?AW4__acrt_fenv_abstract_control@@W41@@Z 0000000140051a90     libucrtd:_fenvutils.obj
 0004:00002a9c       $pdata$__acrt_fenv_get_status 0000000140051a9c     libucrtd:_fenvutils.obj
 0004:00002aa8       $pdata$__acrt_fenv_set_status 0000000140051aa8     libucrtd:_fenvutils.obj
 0004:00002ab4       $pdata$__acrt_fenv_get_control 0000000140051ab4     libucrtd:_fenvutils.obj
 0004:00002ac0       $pdata$__acrt_fenv_set_control 0000000140051ac0     libucrtd:_fenvutils.obj
 0004:00002acc       $pdata$?to_machine_sse_status@@YA?AW4__acrt_fenv_machine_sse_status@@W4__acrt_fenv_abstract_status@@@Z 0000000140051acc     libucrtd:_fenvutils.obj
 0004:00002ad8       $pdata$??$translate_status@W4__acrt_fenv_machine_sse_status@@W4__acrt_fenv_abstract_status@@@@YA?AW4__acrt_fenv_machine_sse_status@@W4__acrt_fenv_abstract_status@@@Z 0000000140051ad8     libucrtd:_fenvutils.obj
 0004:00002ae4       $pdata$?translate_control_denormal_control_to_sse@@YA?AW4__acrt_fenv_machine_sse_control@@W4__acrt_fenv_abstract_control@@@Z 0000000140051ae4     libucrtd:_fenvutils.obj
 0004:00002af0       $pdata$?translate_control_denormal_control_from_sse@@YA?AW4__acrt_fenv_abstract_control@@W4__acrt_fenv_machine_sse_control@@@Z 0000000140051af0     libucrtd:_fenvutils.obj
 0004:00002afc       $pdata$?to_abstract_control@@YA?AW4__acrt_fenv_abstract_control@@W4__acrt_fenv_machine_sse_control@@@Z 0000000140051afc     libucrtd:_fenvutils.obj
 0004:00002b08       $pdata$??$translate_control_exception_mask@W4__acrt_fenv_abstract_control@@W4__acrt_fenv_machine_sse_control@@@@YA?AW4__acrt_fenv_abstract_control@@W4__acrt_fenv_machine_sse_control@@@Z 0000000140051b08     libucrtd:_fenvutils.obj
 0004:00002b14       $pdata$??$translate_control_rounding_control@W4__acrt_fenv_abstract_control@@W4__acrt_fenv_machine_sse_control@@@@YA?AW4__acrt_fenv_abstract_control@@W4__acrt_fenv_machine_sse_control@@@Z 0000000140051b14     libucrtd:_fenvutils.obj
 0004:00002b20       $pdata$?to_machine_sse_control@@YA?AW4__acrt_fenv_machine_sse_control@@W4__acrt_fenv_abstract_control@@@Z 0000000140051b20     libucrtd:_fenvutils.obj
 0004:00002b2c       $pdata$??$translate_control_exception_mask@W4__acrt_fenv_machine_sse_control@@W4__acrt_fenv_abstract_control@@@@YA?AW4__acrt_fenv_machine_sse_control@@W4__acrt_fenv_abstract_control@@@Z 0000000140051b2c     libucrtd:_fenvutils.obj
 0004:00002b38       $pdata$??$translate_control_rounding_control@W4__acrt_fenv_machine_sse_control@@W4__acrt_fenv_abstract_control@@@@YA?AW4__acrt_fenv_machine_sse_control@@W4__acrt_fenv_abstract_control@@@Z 0000000140051b38     libucrtd:_fenvutils.obj
 0004:00002b44       $pdata$?get_machine_sse_status@@YA?AW4__acrt_fenv_machine_sse_status@@XZ 0000000140051b44     libucrtd:_fenvutils.obj
 0004:00002b50       $pdata$?set_machine_sse_status@@YAXW4__acrt_fenv_machine_sse_status@@@Z 0000000140051b50     libucrtd:_fenvutils.obj
 0004:00002b5c       $pdata$?get_machine_sse_control@@YA?AW4__acrt_fenv_machine_sse_control@@XZ 0000000140051b5c     libucrtd:_fenvutils.obj
 0004:00002b68       $pdata$?set_machine_sse_control@@YAXW4__acrt_fenv_machine_sse_control@@@Z 0000000140051b68     libucrtd:_fenvutils.obj
 0004:00002b74       $pdata$??$to_abstract_status@W4__acrt_fenv_machine_sse_status@@@@YA?AW4__acrt_fenv_abstract_status@@W4__acrt_fenv_machine_sse_status@@@Z 0000000140051b74     libucrtd:_fenvutils.obj
 0004:00002b80       $pdata$??$__acrt_fenv_translate_bit@W4__acrt_fenv_machine_sse_status@@W4__acrt_fenv_abstract_status@@@@YA?AW4__acrt_fenv_machine_sse_status@@W4__acrt_fenv_abstract_status@@0W40@1@Z 0000000140051b80     libucrtd:_fenvutils.obj
 0004:00002b80       $pdata$??$__acrt_fenv_translate_bit@W4__acrt_fenv_abstract_status@@W4__acrt_fenv_machine_sse_status@@@@YA?AW4__acrt_fenv_abstract_status@@W4__acrt_fenv_machine_sse_status@@0W40@1@Z 0000000140051b80     libucrtd:_fenvutils.obj
 0004:00002b8c       $pdata$??$__acrt_fenv_translate_bit@W4__acrt_fenv_abstract_control@@W4__acrt_fenv_machine_sse_control@@@@YA?AW4__acrt_fenv_abstract_control@@W4__acrt_fenv_machine_sse_control@@0W40@1@Z 0000000140051b8c     libucrtd:_fenvutils.obj
 0004:00002b98       $pdata$??$__acrt_fenv_translate_bit@W4__acrt_fenv_machine_sse_control@@W4__acrt_fenv_abstract_control@@@@YA?AW4__acrt_fenv_machine_sse_control@@W4__acrt_fenv_abstract_control@@0W40@1@Z 0000000140051b98     libucrtd:_fenvutils.obj
 0004:00002ba4       $pdata$??$translate_status@W4__acrt_fenv_abstract_status@@W4__acrt_fenv_machine_sse_status@@@@YA?AW4__acrt_fenv_abstract_status@@W4__acrt_fenv_machine_sse_status@@@Z 0000000140051ba4     libucrtd:_fenvutils.obj
 0004:00002bb0       $pdata$_clearfp            0000000140051bb0     libucrtd:ieee.obj
 0004:00002bbc       $pdata$_abstract_sw        0000000140051bbc     libucrtd:ieee.obj
 0004:00002bc8       $pdata$_close              0000000140051bc8     libucrtd:close.obj
 0004:00002bd4       $pdata$_close_nolock       0000000140051bd4     libucrtd:close.obj
 0004:00002be0       $pdata$?close_os_handle_nolock@@YAKH@Z 0000000140051be0     libucrtd:close.obj
 0004:00002bec       $pdata$??R<lambda_4e7105787b7b0e0227fbf2b2d883fa65>@@QEBAHXZ 0000000140051bec     libucrtd:close.obj
 0004:00002bf8       $pdata$??$__acrt_lowio_lock_fh_and_call@V<lambda_4e7105787b7b0e0227fbf2b2d883fa65>@@@@YAHH$$QEAV<lambda_4e7105787b7b0e0227fbf2b2d883fa65>@@@Z 0000000140051bf8     libucrtd:close.obj
 0004:00002c04       $pdata$??$?RV<lambda_53fc7fc888e23d815d7080162c0aeeb2>@@AEAV<lambda_4e7105787b7b0e0227fbf2b2d883fa65>@@V<lambda_8ddc48ad9d26c778cb15812d1d88fc8a>@@@?$__crt_seh_guarded_call@H@@QEAAH$$QEAV<lambda_53fc7fc888e23d815d7080162c0aeeb2>@@AEAV<lambda_4e7105787b7b0e0227fbf2b2d883fa65>@@$$QEAV<lambda_8ddc48ad9d26c778cb15812d1d88fc8a>@@@Z 0000000140051c04     libucrtd:close.obj
 0004:00002c10       $pdata$?__acrt_stdio_free_stream@@YAXV__crt_stdio_stream@@@Z 0000000140051c10     libucrtd:stream.obj
 0004:00002c1c       $pdata$__dcrt_lowio_ensure_console_output_initialized 0000000140051c1c     libucrtd:initcon.obj
 0004:00002c28       $pdata$__dcrt_write_console 0000000140051c28     libucrtd:initcon.obj
 0004:00002c34       $pdata$__dcrt_terminate_console_output 0000000140051c34     libucrtd:initcon.obj
 0004:00002c40       $pdata$_set_errno_from_matherr 0000000140051c40     libucrtd:fpexcept.obj
 0004:00002c4c       $pdata$_raise_exc          0000000140051c4c     libucrtd:fpexcept.obj
 0004:00002c58       $pdata$_raise_exc_ex       0000000140051c58     libucrtd:fpexcept.obj
 0004:00002c64       $pdata$_clrfp              0000000140051c64     libucrtd:fpctrl.obj
 0004:00002c70       $pdata$_ctrlfp             0000000140051c70     libucrtd:fpctrl.obj
 0004:00002c7c       $pdata$_ctrlfp$filt$0      0000000140051c7c     libucrtd:fpctrl.obj
 0004:00002c88       $pdata$_statfp             0000000140051c88     libucrtd:fpctrl.obj
 0004:00002c94       $pdata$_set_statfp         0000000140051c94     libucrtd:fpctrl.obj
 0004:00002cac       $pdata$_ValidateImageBase  0000000140051cac     LIBCMTD:pesect.obj
 0004:00002cb8       $pdata$_FindPESection      0000000140051cb8     LIBCMTD:pesect.obj
 0004:00002cc4       $pdata$_IsNonwritableInCurrentImage 0000000140051cc4     LIBCMTD:pesect.obj
 0004:00002cd0       $pdata$_IsNonwritableInCurrentImage$filt$0 0000000140051cd0     LIBCMTD:pesect.obj
 0004:00002cdc       $pdata$??_Gtype_info@@UEAAPEAXI@Z 0000000140051cdc     LIBCMTD:std_type_info_static.obj
 0004:00002ce8       $pdata$??3@YAXPEAX_K@Z     0000000140051ce8     LIBCMTD:delete_scalar_size.obj
 0004:00002cf4       $pdata$__GSHandlerCheck_SEH 0000000140051cf4     LIBCMTD:gshandlerseh.obj
 0004:00002d0c       $pdata$__GSHandlerCheck_EH 0000000140051d0c     LIBCMTD:gshandlereh.obj
 0004:00002d18       $pdata$??3@YAXPEAX@Z       0000000140051d18     LIBCMTD:delete_scalar.obj
 0004:00002d30       $pdata$strrchr             0000000140051d30     libvcruntimed:strrchr.obj
